Failed to load memory record exec-test_action-1786219276: 'namespace'
Failed to load memory record outcome-test_action-1786219276: 'namespace'
Failed to load memory record test-decision-1: 'namespace'
Failed to load memory record learn-decision-0: 'namespace'
Failed to load memory record learn-decision-1: 'namespace'
Failed to load memory record learn-decision-2: 'namespace'
Failed to load memory record learn-decision-3: 'namespace'
Failed to load memory record learn-decision-4: 'namespace'
Failed to load memory record reprio-feedback: 'namespace'
Failed to load memory record exec-orphan-test-0-1786219276: 'namespace'
Failed to load memory record expl-exec-orphan-test-0-0: 'namespace'
Failed to load memory record exec-orphan-test-1-1786219276: 'namespace'
Failed to load memory record expl-exec-orphan-test-1-0: 'namespace'
Failed to load memory record exec-orphan-test-2-1786219276: 'namespace'
Failed to load memory record expl-exec-orphan-test-2-0: 'namespace'
Failed to load memory record expl-prio-opp-100-1786219276: 'namespace'
Failed to load memory record exec-mark_reviewed-1786219276: 'namespace'
Failed to load memory record outcome-mark_reviewed-1786219276: 'namespace'
Failed to load memory record full-loop-decision: 'namespace'
Failed to load memory record exec-mark_reviewed-1786219276: 'namespace'
Failed to load memory record orphan-check: 'namespace'
Failed to load memory record expl-orphan-check: 'namespace'
Failed to load memory record persist-test: 'namespace'
Failed to load memory record persist-insight: 'namespace'
Failed to load memory record test-opp-1: 'namespace'
Failed to load memory record test-opp-2: 'namespace'
Failed to load memory record test-opp-3: 'namespace'
Failed to load memory record test-opp-1: 'namespace'
Failed to load memory record test-opp-accepted-0: 'namespace'
Failed to load memory record test-opp-accepted-1: 'namespace'
Failed to load memory record test-opp-accepted-2: 'namespace'
Failed to load memory record test-opp-accepted-3: 'namespace'
Failed to load memory record test-opp-accepted-4: 'namespace'
Failed to load memory record test-opp-rejected-0: 'namespace'
Failed to load memory record test-opp-rejected-1: 'namespace'
Failed to load memory record test-opp-rejected-2: 'namespace'
Failed to load memory record expl-prio-opp-2-1786219984: 'namespace'
Failed to load memory record exec-mark_reviewed-1786219984: 'namespace'
Failed to load memory record exec-test_action-1786219984: 'namespace'
Failed to load memory record outcome-test_action-1786219984: 'namespace'
Failed to load memory record test-decision-1: 'namespace'
Failed to load memory record learn-decision-0: 'namespace'
Failed to load memory record learn-decision-1: 'namespace'
Failed to load memory record learn-decision-2: 'namespace'
Failed to load memory record learn-decision-3: 'namespace'
Failed to load memory record learn-decision-4: 'namespace'
Failed to load memory record reprio-feedback: 'namespace'
Failed to load memory record exec-orphan-test-0-1786219984: 'namespace'
Failed to load memory record expl-exec-orphan-test-0-0: 'namespace'
Failed to load memory record exec-orphan-test-1-1786219984: 'namespace'
Failed to load memory record expl-exec-orphan-test-1-0: 'namespace'
Failed to load memory record exec-orphan-test-2-1786219984: 'namespace'
Failed to load memory record expl-exec-orphan-test-2-0: 'namespace'
Failed to load memory record expl-prio-opp-100-1786219984: 'namespace'
Failed to load memory record exec-mark_reviewed-1786219984: 'namespace'
Failed to load memory record outcome-mark_reviewed-1786219984: 'namespace'
Failed to load memory record full-loop-decision: 'namespace'
Failed to load memory record exec-mark_reviewed-1786219984: 'namespace'
Failed to load memory record orphan-check: 'namespace'
Failed to load memory record expl-orphan-check: 'namespace'
Failed to load memory record persist-test: 'namespace'
Failed to load memory record persist-insight: 'namespace'
Failed to load memory record test-opp-1: 'namespace'
Failed to load memory record test-opp-2: 'namespace'
Failed to load memory record test-opp-3: 'namespace'
Failed to load memory record test-opp-1: 'namespace'
Failed to load memory record test-opp-accepted-0: 'namespace'
Failed to load memory record test-opp-accepted-1: 'namespace'
Failed to load memory record test-opp-accepted-2: 'namespace'
Failed to load memory record test-opp-accepted-3: 'namespace'
Failed to load memory record test-opp-accepted-4: 'namespace'
Failed to load memory record test-opp-rejected-0: 'namespace'
Failed to load memory record test-opp-rejected-1: 'namespace'
Failed to load memory record test-opp-rejected-2: 'namespace'
Failed to load memory record expl-prio-opp-2-1786220160: 'namespace'
Failed to load memory record exec-mark_reviewed-1786220160: 'namespace'
Failed to load memory record exec-test_action-1786220160: 'namespace'
Failed to load memory record outcome-test_action-1786220160: 'namespace'
Failed to load memory record test-decision-1: 'namespace'
Failed to load memory record learn-decision-0: 'namespace'
Failed to load memory record learn-decision-1: 'namespace'
Failed to load memory record learn-decision-2: 'namespace'
Failed to load memory record learn-decision-3: 'namespace'
Failed to load memory record learn-decision-4: 'namespace'
Failed to load memory record reprio-feedback: 'namespace'
Failed to load memory record exec-orphan-test-0-1786220160: 'namespace'
Failed to load memory record expl-exec-orphan-test-0-0: 'namespace'
Failed to load memory record exec-orphan-test-1-1786220160: 'namespace'
Failed to load memory record expl-exec-orphan-test-1-0: 'namespace'
Failed to load memory record exec-orphan-test-2-1786220160: 'namespace'
Failed to load memory record expl-exec-orphan-test-2-0: 'namespace'
Failed to load memory record expl-prio-opp-100-1786220160: 'namespace'
Failed to load memory record exec-mark_reviewed-1786220160: 'namespace'
Failed to load memory record outcome-mark_reviewed-1786220160: 'namespace'
Failed to load memory record full-loop-decision: 'namespace'
Failed to load memory record exec-mark_reviewed-1786220160: 'namespace'
Failed to load memory record orphan-check: 'namespace'
Failed to load memory record expl-orphan-check: 'namespace'
Failed to load memory record persist-test: 'namespace'
Failed to load memory record persist-insight: 'namespace'
Failed to load memory record test-opp-1: 'namespace'
Failed to load memory record test-opp-2: 'namespace'
Failed to load memory record test-opp-3: 'namespace'
Failed to load memory record test-opp-1: 'namespace'
Failed to load memory record test-opp-accepted-0: 'namespace'
Failed to load memory record test-opp-accepted-1: 'namespace'
Failed to load memory record test-opp-accepted-2: 'namespace'
Failed to load memory record test-opp-accepted-3: 'namespace'
Failed to load memory record test-opp-accepted-4: 'namespace'
Failed to load memory record test-opp-rejected-0: 'namespace'
Failed to load memory record test-opp-rejected-1: 'namespace'
Failed to load memory record test-opp-rejected-2: 'namespace'
Failed to load memory record expl-prio-opp-2-1786220421: 'namespace'
Failed to load memory record exec-mark_reviewed-1786220421: 'namespace'
Failed to load memory record exec-test_action-1786220421: 'namespace'
Failed to load memory record outcome-test_action-1786220421: 'namespace'
Failed to load memory record test-decision-1: 'namespace'
Failed to load memory record learn-decision-0: 'namespace'
Failed to load memory record learn-decision-1: 'namespace'
Failed to load memory record learn-decision-2: 'namespace'
Failed to load memory record learn-decision-3: 'namespace'
Failed to load memory record learn-decision-4: 'namespace'
Failed to load memory record reprio-feedback: 'namespace'
Failed to load memory record exec-orphan-test-0-1786220421: 'namespace'
Failed to load memory record expl-exec-orphan-test-0-0: 'namespace'
Failed to load memory record exec-orphan-test-1-1786220421: 'namespace'
Failed to load memory record expl-exec-orphan-test-1-0: 'namespace'
Failed to load memory record exec-orphan-test-2-1786220421: 'namespace'
Failed to load memory record expl-exec-orphan-test-2-0: 'namespace'
Failed to load memory record expl-prio-opp-100-1786220421: 'namespace'
Failed to load memory record exec-mark_reviewed-1786220421: 'namespace'
Failed to load memory record outcome-mark_reviewed-1786220421: 'namespace'
Failed to load memory record full-loop-decision: 'namespace'
Failed to load memory record exec-mark_reviewed-1786220421: 'namespace'
Failed to load memory record orphan-check: 'namespace'
Failed to load memory record expl-orphan-check: 'namespace'
Failed to load memory record persist-test: 'namespace'
Failed to load memory record persist-insight: 'namespace'
Failed to load memory record test-opp-1: 'namespace'
Failed to load memory record test-opp-2: 'namespace'
Failed to load memory record test-opp-3: 'namespace'
Failed to load memory record test-opp-1: 'namespace'
Failed to load memory record test-opp-accepted-0: 'namespace'
Failed to load memory record test-opp-accepted-1: 'namespace'
Failed to load memory record test-opp-accepted-2: 'namespace'
Failed to load memory record test-opp-accepted-3: 'namespace'
Failed to load memory record test-opp-accepted-4: 'namespace'
Failed to load memory record test-opp-rejected-0: 'namespace'
Failed to load memory record test-opp-rejected-1: 'namespace'
Failed to load memory record test-opp-rejected-2: 'namespace'
Failed to load memory record expl-prio-opp-2-1786253863: 'namespace'
Failed to load memory record exec-mark_reviewed-1786253863: 'namespace'
Failed to load memory record exec-test_action-1786253863: 'namespace'
Failed to load memory record outcome-test_action-1786253863: 'namespace'
Failed to load memory record test-decision-1: 'namespace'
Failed to load memory record learn-decision-0: 'namespace'
Failed to load memory record learn-decision-1: 'namespace'
Failed to load memory record learn-decision-2: 'namespace'
Failed to load memory record learn-decision-3: 'namespace'
Failed to load memory record learn-decision-4: 'namespace'
Failed to load memory record reprio-feedback: 'namespace'
Failed to load memory record exec-orphan-test-0-1786253863: 'namespace'
Failed to load memory record expl-exec-orphan-test-0-0: 'namespace'
Failed to load memory record exec-orphan-test-1-1786253863: 'namespace'
Failed to load memory record expl-exec-orphan-test-1-0: 'namespace'
Failed to load memory record exec-orphan-test-2-1786253863: 'namespace'
Failed to load memory record expl-exec-orphan-test-2-0: 'namespace'
Failed to load memory record expl-prio-opp-100-1786253863: 'namespace'
Failed to load memory record exec-mark_reviewed-1786253863: 'namespace'
Failed to load memory record outcome-mark_reviewed-1786253863: 'namespace'
Failed to load memory record full-loop-decision: 'namespace'
Failed to load memory record exec-mark_reviewed-1786253863: 'namespace'
Failed to load memory record orphan-check: 'namespace'
Failed to load memory record expl-orphan-check: 'namespace'
Failed to load memory record persist-test: 'namespace'
Failed to load memory record persist-insight: 'namespace'
Failed to load memory record test-opp-1: 'namespace'
Failed to load memory record test-opp-2: 'namespace'
Failed to load memory record test-opp-3: 'namespace'
Failed to load memory record test-opp-1: 'namespace'
Failed to load memory record test-opp-accepted-0: 'namespace'
Failed to load memory record test-opp-accepted-1: 'namespace'
Failed to load memory record test-opp-accepted-2: 'namespace'
Failed to load memory record test-opp-accepted-3: 'namespace'
Failed to load memory record test-opp-accepted-4: 'namespace'
Failed to load memory record test-opp-rejected-0: 'namespace'
Failed to load memory record test-opp-rejected-1: 'namespace'
Failed to load memory record test-opp-rejected-2: 'namespace'
Failed to load memory record expl-prio-opp-2-1786254007: 'namespace'
Failed to load memory record exec-mark_reviewed-1786254007: 'namespace'
Failed to load memory record exec-test_action-1786254007: 'namespace'
Failed to load memory record outcome-test_action-1786254007: 'namespace'
Failed to load memory record test-decision-1: 'namespace'
Failed to load memory record learn-decision-0: 'namespace'
Failed to load memory record learn-decision-1: 'namespace'
Failed to load memory record learn-decision-2: 'namespace'
Failed to load memory record learn-decision-3: 'namespace'
Failed to load memory record learn-decision-4: 'namespace'
Failed to load memory record reprio-feedback: 'namespace'
Failed to load memory record exec-orphan-test-0-1786254007: 'namespace'
Failed to load memory record expl-exec-orphan-test-0-0: 'namespace'
Failed to load memory record exec-orphan-test-1-1786254007: 'namespace'
Failed to load memory record expl-exec-orphan-test-1-0: 'namespace'
Failed to load memory record exec-orphan-test-2-1786254007: 'namespace'
Failed to load memory record expl-exec-orphan-test-2-0: 'namespace'
Failed to load memory record expl-prio-opp-100-1786254007: 'namespace'
Failed to load memory record exec-mark_reviewed-1786254007: 'namespace'
Failed to load memory record outcome-mark_reviewed-1786254007: 'namespace'
Failed to load memory record full-loop-decision: 'namespace'
Failed to load memory record exec-mark_reviewed-1786254007: 'namespace'
Failed to load memory record orphan-check: 'namespace'
Failed to load memory record expl-orphan-check: 'namespace'
Failed to load memory record persist-test: 'namespace'
Failed to load memory record persist-insight: 'namespace'
Failed to load memory record test-opp-1: 'namespace'
Failed to load memory record test-opp-2: 'namespace'
Failed to load memory record test-opp-3: 'namespace'
Failed to load memory record test-opp-1: 'namespace'
Failed to load memory record test-opp-accepted-0: 'namespace'
Failed to load memory record test-opp-accepted-1: 'namespace'
Failed to load memory record test-opp-accepted-2: 'namespace'
Failed to load memory record test-opp-accepted-3: 'namespace'
Failed to load memory record test-opp-accepted-4: 'namespace'
Failed to load memory record test-opp-rejected-0: 'namespace'
Failed to load memory record test-opp-rejected-1: 'namespace'
Failed to load memory record test-opp-rejected-2: 'namespace'
Failed to load memory record expl-prio-opp-2-1786255662: 'namespace'
Failed to load memory record exec-mark_reviewed-1786255662: 'namespace'
Failed to load memory record exec-test_action-1786255662: 'namespace'
Failed to load memory record outcome-test_action-1786255662: 'namespace'
Failed to load memory record test-decision-1: 'namespace'
Failed to load memory record learn-decision-0: 'namespace'
Failed to load memory record learn-decision-1: 'namespace'
Failed to load memory record learn-decision-2: 'namespace'
Failed to load memory record learn-decision-3: 'namespace'
Failed to load memory record learn-decision-4: 'namespace'
Failed to load memory record reprio-feedback: 'namespace'
Failed to load memory record exec-orphan-test-0-1786255662: 'namespace'
Failed to load memory record expl-exec-orphan-test-0-0: 'namespace'
Failed to load memory record exec-orphan-test-1-1786255662: 'namespace'
Failed to load memory record expl-exec-orphan-test-1-0: 'namespace'
Failed to load memory record exec-orphan-test-2-1786255662: 'namespace'
Failed to load memory record expl-exec-orphan-test-2-0: 'namespace'
Failed to load memory record expl-prio-opp-100-1786255662: 'namespace'
Failed to load memory record exec-mark_reviewed-1786255662: 'namespace'
Failed to load memory record outcome-mark_reviewed-1786255662: 'namespace'
Failed to load memory record full-loop-decision: 'namespace'
Failed to load memory record exec-mark_reviewed-1786255662: 'namespace'
Failed to load memory record orphan-check: 'namespace'
Failed to load memory record expl-orphan-check: 'namespace'
Failed to load memory record persist-test: 'namespace'
Failed to load memory record persist-insight: 'namespace'
Failed to load memory record test-opp-1: 'namespace'
Failed to load memory record test-opp-2: 'namespace'
Failed to load memory record test-opp-3: 'namespace'
Failed to load memory record test-opp-1: 'namespace'
Failed to load memory record test-opp-accepted-0: 'namespace'
Failed to load memory record test-opp-accepted-1: 'namespace'
Failed to load memory record test-opp-accepted-2: 'namespace'
Failed to load memory record test-opp-accepted-3: 'namespace'
Failed to load memory record test-opp-accepted-4: 'namespace'
Failed to load memory record test-opp-rejected-0: 'namespace'
Failed to load memory record test-opp-rejected-1: 'namespace'
Failed to load memory record test-opp-rejected-2: 'namespace'
Failed to load memory record expl-prio-opp-2-1786256122: 'namespace'
Failed to load memory record exec-mark_reviewed-1786256122: 'namespace'
Failed to load memory record exec-test_action-1786256122: 'namespace'
Failed to load memory record outcome-test_action-1786256122: 'namespace'
Failed to load memory record test-decision-1: 'namespace'
Failed to load memory record learn-decision-0: 'namespace'
Failed to load memory record learn-decision-1: 'namespace'
Failed to load memory record learn-decision-2: 'namespace'
Failed to load memory record learn-decision-3: 'namespace'
Failed to load memory record learn-decision-4: 'namespace'
Failed to load memory record reprio-feedback: 'namespace'
Failed to load memory record exec-orphan-test-0-1786256122: 'namespace'
Failed to load memory record expl-exec-orphan-test-0-0: 'namespace'
Failed to load memory record exec-orphan-test-1-1786256122: 'namespace'
Failed to load memory record expl-exec-orphan-test-1-0: 'namespace'
Failed to load memory record exec-orphan-test-2-1786256122: 'namespace'
Failed to load memory record expl-exec-orphan-test-2-0: 'namespace'
Failed to load memory record expl-prio-opp-100-1786256122: 'namespace'
Failed to load memory record exec-mark_reviewed-1786256122: 'namespace'
Failed to load memory record outcome-mark_reviewed-1786256122: 'namespace'
Failed to load memory record full-loop-decision: 'namespace'
Failed to load memory record exec-mark_reviewed-1786256122: 'namespace'
Failed to load memory record orphan-check: 'namespace'
Failed to load memory record expl-orphan-check: 'namespace'
Failed to load memory record persist-test: 'namespace'
Failed to load memory record persist-insight: 'namespace'
Failed to load memory record test-opp-1: 'namespace'
Failed to load memory record test-opp-2: 'namespace'
Failed to load memory record test-opp-3: 'namespace'
Failed to load memory record test-opp-1: 'namespace'
Failed to load memory record test-opp-accepted-0: 'namespace'
Failed to load memory record test-opp-accepted-1: 'namespace'
Failed to load memory record test-opp-accepted-2: 'namespace'
Failed to load memory record test-opp-accepted-3: 'namespace'
Failed to load memory record test-opp-accepted-4: 'namespace'
Failed to load memory record test-opp-rejected-0: 'namespace'
Failed to load memory record test-opp-rejected-1: 'namespace'
Failed to load memory record test-opp-rejected-2: 'namespace'
Failed to load memory record expl-prio-opp-2-1786256414: 'namespace'
Failed to load memory record exec-mark_reviewed-1786256414: 'namespace'
Failed to load memory record exec-test_action-1786256415: 'namespace'
Failed to load memory record outcome-test_action-1786256415: 'namespace'
Failed to load memory record test-decision-1: 'namespace'
Failed to load memory record learn-decision-0: 'namespace'
Failed to load memory record learn-decision-1: 'namespace'
Failed to load memory record learn-decision-2: 'namespace'
Failed to load memory record learn-decision-3: 'namespace'
Failed to load memory record learn-decision-4: 'namespace'
Failed to load memory record reprio-feedback: 'namespace'
Failed to load memory record exec-orphan-test-0-1786256415: 'namespace'
Failed to load memory record expl-exec-orphan-test-0-0: 'namespace'
Failed to load memory record exec-orphan-test-1-1786256415: 'namespace'
Failed to load memory record expl-exec-orphan-test-1-0: 'namespace'
Failed to load memory record exec-orphan-test-2-1786256415: 'namespace'
Failed to load memory record expl-exec-orphan-test-2-0: 'namespace'
Failed to load memory record expl-prio-opp-100-1786256415: 'namespace'
Failed to load memory record exec-mark_reviewed-1786256415: 'namespace'
Failed to load memory record outcome-mark_reviewed-1786256415: 'namespace'
Failed to load memory record full-loop-decision: 'namespace'
Failed to load memory record exec-mark_reviewed-1786256415: 'namespace'
Failed to load memory record orphan-check: 'namespace'
Failed to load memory record expl-orphan-check: 'namespace'
Failed to load memory record persist-test: 'namespace'
Failed to load memory record persist-insight: 'namespace'
Failed to load memory record test-opp-1: 'namespace'
Failed to load memory record test-opp-2: 'namespace'
Failed to load memory record test-opp-3: 'namespace'
Failed to load memory record test-opp-1: 'namespace'
Failed to load memory record test-opp-accepted-0: 'namespace'
Failed to load memory record test-opp-accepted-1: 'namespace'
Failed to load memory record test-opp-accepted-2: 'namespace'
Failed to load memory record test-opp-accepted-3: 'namespace'
Failed to load memory record test-opp-accepted-4: 'namespace'
Failed to load memory record test-opp-rejected-0: 'namespace'
Failed to load memory record test-opp-rejected-1: 'namespace'
Failed to load memory record test-opp-rejected-2: 'namespace'
Failed to load memory record expl-prio-opp-2-1786256948: 'namespace'
Failed to load memory record exec-mark_reviewed-1786256948: 'namespace'
Failed to load memory record exec-test_action-1786256948: 'namespace'
Failed to load memory record outcome-test_action-1786256948: 'namespace'
Failed to load memory record test-decision-1: 'namespace'
Failed to load memory record learn-decision-0: 'namespace'
Failed to load memory record learn-decision-1: 'namespace'
Failed to load memory record learn-decision-2: 'namespace'
Failed to load memory record learn-decision-3: 'namespace'
Failed to load memory record learn-decision-4: 'namespace'
Failed to load memory record reprio-feedback: 'namespace'
Failed to load memory record exec-orphan-test-0-1786256948: 'namespace'
Failed to load memory record expl-exec-orphan-test-0-0: 'namespace'
Failed to load memory record exec-orphan-test-1-1786256948: 'namespace'
Failed to load memory record expl-exec-orphan-test-1-0: 'namespace'
Failed to load memory record exec-orphan-test-2-1786256948: 'namespace'
Failed to load memory record expl-exec-orphan-test-2-0: 'namespace'
Failed to load memory record expl-prio-opp-100-1786256948: 'namespace'
Failed to load memory record exec-mark_reviewed-1786256948: 'namespace'
Failed to load memory record outcome-mark_reviewed-1786256948: 'namespace'
Failed to load memory record full-loop-decision: 'namespace'
Failed to load memory record exec-mark_reviewed-1786256948: 'namespace'
Failed to load memory record orphan-check: 'namespace'
Failed to load memory record expl-orphan-check: 'namespace'
Failed to load memory record persist-test: 'namespace'
Failed to load memory record persist-insight: 'namespace'
Failed to load memory record test-opp-1: 'namespace'
Failed to load memory record test-opp-2: 'namespace'
Failed to load memory record test-opp-3: 'namespace'
Failed to load memory record test-opp-1: 'namespace'
Failed to load memory record test-opp-accepted-0: 'namespace'
Failed to load memory record test-opp-accepted-1: 'namespace'
Failed to load memory record test-opp-accepted-2: 'namespace'
Failed to load memory record test-opp-accepted-3: 'namespace'
Failed to load memory record test-opp-accepted-4: 'namespace'
Failed to load memory record test-opp-rejected-0: 'namespace'
Failed to load memory record test-opp-rejected-1: 'namespace'
Failed to load memory record test-opp-rejected-2: 'namespace'
Failed to load memory record expl-prio-opp-2-1786257276: 'namespace'
Failed to load memory record exec-mark_reviewed-1786257276: 'namespace'
Failed to load memory record exec-test_action-1786257276: 'namespace'
Failed to load memory record outcome-test_action-1786257276: 'namespace'
Failed to load memory record test-decision-1: 'namespace'
Failed to load memory record learn-decision-0: 'namespace'
Failed to load memory record learn-decision-1: 'namespace'
Failed to load memory record learn-decision-2: 'namespace'
Failed to load memory record learn-decision-3: 'namespace'
Failed to load memory record learn-decision-4: 'namespace'
Failed to load memory record reprio-feedback: 'namespace'
Failed to load memory record exec-orphan-test-0-1786257276: 'namespace'
Failed to load memory record expl-exec-orphan-test-0-0: 'namespace'
Failed to load memory record exec-orphan-test-1-1786257276: 'namespace'
Failed to load memory record expl-exec-orphan-test-1-0: 'namespace'
Failed to load memory record exec-orphan-test-2-1786257276: 'namespace'
Failed to load memory record expl-exec-orphan-test-2-0: 'namespace'
Failed to load memory record expl-prio-opp-100-1786257276: 'namespace'
Failed to load memory record exec-mark_reviewed-1786257276: 'namespace'
Failed to load memory record outcome-mark_reviewed-1786257276: 'namespace'
Failed to load memory record full-loop-decision: 'namespace'
Failed to load memory record exec-mark_reviewed-1786257276: 'namespace'
Failed to load memory record orphan-check: 'namespace'
Failed to load memory record expl-orphan-check: 'namespace'
Failed to load memory record persist-test: 'namespace'
Failed to load memory record persist-insight: 'namespace'
Failed to load memory record test-opp-1: 'namespace'
Failed to load memory record test-opp-2: 'namespace'
Failed to load memory record test-opp-3: 'namespace'
Failed to load memory record test-opp-1: 'namespace'
Failed to load memory record test-opp-accepted-0: 'namespace'
Failed to load memory record test-opp-accepted-1: 'namespace'
Failed to load memory record test-opp-accepted-2: 'namespace'
Failed to load memory record test-opp-accepted-3: 'namespace'
Failed to load memory record test-opp-accepted-4: 'namespace'
Failed to load memory record test-opp-rejected-0: 'namespace'
Failed to load memory record test-opp-rejected-1: 'namespace'
Failed to load memory record test-opp-rejected-2: 'namespace'
Failed to load memory record expl-prio-opp-2-1786257652: 'namespace'
Failed to load memory record exec-mark_reviewed-1786257652: 'namespace'
Failed to load memory record exec-test_action-1786257652: 'namespace'
Failed to load memory record outcome-test_action-1786257652: 'namespace'
Failed to load memory record test-decision-1: 'namespace'
Failed to load memory record learn-decision-0: 'namespace'
Failed to load memory record learn-decision-1: 'namespace'
Failed to load memory record learn-decision-2: 'namespace'
Failed to load memory record learn-decision-3: 'namespace'
Failed to load memory record learn-decision-4: 'namespace'
Failed to load memory record reprio-feedback: 'namespace'
Failed to load memory record exec-orphan-test-0-1786257652: 'namespace'
Failed to load memory record expl-exec-orphan-test-0-0: 'namespace'
Failed to load memory record exec-orphan-test-1-1786257652: 'namespace'
Failed to load memory record expl-exec-orphan-test-1-0: 'namespace'
Failed to load memory record exec-orphan-test-2-1786257652: 'namespace'
Failed to load memory record expl-exec-orphan-test-2-0: 'namespace'
Failed to load memory record expl-prio-opp-100-1786257652: 'namespace'
Failed to load memory record exec-mark_reviewed-1786257652: 'namespace'
Failed to load memory record outcome-mark_reviewed-1786257652: 'namespace'
Failed to load memory record full-loop-decision: 'namespace'
Failed to load memory record exec-mark_reviewed-1786257652: 'namespace'
Failed to load memory record orphan-check: 'namespace'
Failed to load memory record expl-orphan-check: 'namespace'
Failed to load memory record persist-test: 'namespace'
Failed to load memory record persist-insight: 'namespace'
Failed to load memory record test-opp-1: 'namespace'
Failed to load memory record test-opp-2: 'namespace'
Failed to load memory record test-opp-3: 'namespace'
Failed to load memory record test-opp-1: 'namespace'
Failed to load memory record test-opp-accepted-0: 'namespace'
Failed to load memory record test-opp-accepted-1: 'namespace'
Failed to load memory record test-opp-accepted-2: 'namespace'
Failed to load memory record test-opp-accepted-3: 'namespace'
Failed to load memory record test-opp-accepted-4: 'namespace'
Failed to load memory record test-opp-rejected-0: 'namespace'
Failed to load memory record test-opp-rejected-1: 'namespace'
Failed to load memory record test-opp-rejected-2: 'namespace'
Failed to load memory record expl-prio-opp-2-1786261148: 'namespace'
Failed to load memory record exec-mark_reviewed-1786261148: 'namespace'
Failed to load memory record exec-test_action-1786261148: 'namespace'
Failed to load memory record outcome-test_action-1786261148: 'namespace'
Failed to load memory record test-decision-1: 'namespace'
Failed to load memory record learn-decision-0: 'namespace'
Failed to load memory record learn-decision-1: 'namespace'
Failed to load memory record learn-decision-2: 'namespace'
Failed to load memory record learn-decision-3: 'namespace'
Failed to load memory record learn-decision-4: 'namespace'
Failed to load memory record reprio-feedback: 'namespace'
Failed to load memory record exec-orphan-test-0-1786261148: 'namespace'
Failed to load memory record expl-exec-orphan-test-0-0: 'namespace'
Failed to load memory record exec-orphan-test-1-1786261148: 'namespace'
Failed to load memory record expl-exec-orphan-test-1-0: 'namespace'
Failed to load memory record exec-orphan-test-2-1786261148: 'namespace'
Failed to load memory record expl-exec-orphan-test-2-0: 'namespace'
Failed to load memory record expl-prio-opp-100-1786261148: 'namespace'
Failed to load memory record exec-mark_reviewed-1786261148: 'namespace'
Failed to load memory record outcome-mark_reviewed-1786261148: 'namespace'
Failed to load memory record full-loop-decision: 'namespace'
Failed to load memory record exec-mark_reviewed-1786261148: 'namespace'
Failed to load memory record orphan-check: 'namespace'
Failed to load memory record expl-orphan-check: 'namespace'
Failed to load memory record persist-test: 'namespace'
Failed to load memory record persist-insight: 'namespace'
Failed to load memory record test-opp-1: 'namespace'
Failed to load memory record test-opp-2: 'namespace'
Failed to load memory record test-opp-3: 'namespace'
Failed to load memory record test-opp-1: 'namespace'
Failed to load memory record test-opp-accepted-0: 'namespace'
Failed to load memory record test-opp-accepted-1: 'namespace'
Failed to load memory record test-opp-accepted-2: 'namespace'
Failed to load memory record test-opp-accepted-3: 'namespace'
Failed to load memory record test-opp-accepted-4: 'namespace'
Failed to load memory record test-opp-rejected-0: 'namespace'
Failed to load memory record test-opp-rejected-1: 'namespace'
Failed to load memory record test-opp-rejected-2: 'namespace'
Failed to load memory record expl-prio-opp-2-1786261272: 'namespace'
Failed to load memory record exec-mark_reviewed-1786261272: 'namespace'
Failed to load memory record exec-test_action-1786261272: 'namespace'
Failed to load memory record outcome-test_action-1786261272: 'namespace'
Failed to load memory record test-decision-1: 'namespace'
Failed to load memory record learn-decision-0: 'namespace'
Failed to load memory record learn-decision-1: 'namespace'
Failed to load memory record learn-decision-2: 'namespace'
Failed to load memory record learn-decision-3: 'namespace'
Failed to load memory record learn-decision-4: 'namespace'
Failed to load memory record reprio-feedback: 'namespace'
Failed to load memory record exec-orphan-test-0-1786261272: 'namespace'
Failed to load memory record expl-exec-orphan-test-0-0: 'namespace'
Failed to load memory record exec-orphan-test-1-1786261272: 'namespace'
Failed to load memory record expl-exec-orphan-test-1-0: 'namespace'
Failed to load memory record exec-orphan-test-2-1786261272: 'namespace'
Failed to load memory record expl-exec-orphan-test-2-0: 'namespace'
Failed to load memory record expl-prio-opp-100-1786261272: 'namespace'
Failed to load memory record exec-mark_reviewed-1786261272: 'namespace'
Failed to load memory record outcome-mark_reviewed-1786261272: 'namespace'
Failed to load memory record full-loop-decision: 'namespace'
Failed to load memory record exec-mark_reviewed-1786261272: 'namespace'
Failed to load memory record orphan-check: 'namespace'
Failed to load memory record expl-orphan-check: 'namespace'
Failed to load memory record persist-test: 'namespace'
Failed to load memory record persist-insight: 'namespace'
Failed to load memory record test-opp-1: 'namespace'
Failed to load memory record test-opp-2: 'namespace'
Failed to load memory record test-opp-3: 'namespace'
Failed to load memory record test-opp-1: 'namespace'
Failed to load memory record test-opp-accepted-0: 'namespace'
Failed to load memory record test-opp-accepted-1: 'namespace'
Failed to load memory record test-opp-accepted-2: 'namespace'
Failed to load memory record test-opp-accepted-3: 'namespace'
Failed to load memory record test-opp-accepted-4: 'namespace'
Failed to load memory record test-opp-rejected-0: 'namespace'
Failed to load memory record test-opp-rejected-1: 'namespace'
Failed to load memory record test-opp-rejected-2: 'namespace'
Failed to load memory record expl-prio-opp-2-1786329290: 'namespace'
Failed to load memory record exec-mark_reviewed-1786329290: 'namespace'
Failed to load memory record exec-test_action-1786329290: 'namespace'
Failed to load memory record outcome-test_action-1786329290: 'namespace'
Failed to load memory record test-decision-1: 'namespace'
Failed to load memory record learn-decision-0: 'namespace'
Failed to load memory record learn-decision-1: 'namespace'
Failed to load memory record learn-decision-2: 'namespace'
Failed to load memory record learn-decision-3: 'namespace'
Failed to load memory record learn-decision-4: 'namespace'
Failed to load memory record reprio-feedback: 'namespace'
Failed to load memory record exec-orphan-test-0-1786329291: 'namespace'
Failed to load memory record expl-exec-orphan-test-0-0: 'namespace'
Failed to load memory record exec-orphan-test-1-1786329291: 'namespace'
Failed to load memory record expl-exec-orphan-test-1-0: 'namespace'
Failed to load memory record exec-orphan-test-2-1786329291: 'namespace'
Failed to load memory record expl-exec-orphan-test-2-0: 'namespace'
Failed to load memory record expl-prio-opp-100-1786329291: 'namespace'
Failed to load memory record exec-mark_reviewed-1786329291: 'namespace'
Failed to load memory record outcome-mark_reviewed-1786329291: 'namespace'
Failed to load memory record full-loop-decision: 'namespace'
Failed to load memory record exec-mark_reviewed-1786329291: 'namespace'
Failed to load memory record orphan-check: 'namespace'
Failed to load memory record expl-orphan-check: 'namespace'
Failed to load memory record persist-test: 'namespace'
Failed to load memory record persist-insight: 'namespace'
Failed to load memory record test-opp-1: 'namespace'
Failed to load memory record test-opp-2: 'namespace'
Failed to load memory record test-opp-3: 'namespace'
Failed to load memory record test-opp-1: 'namespace'
Failed to load memory record test-opp-accepted-0: 'namespace'
Failed to load memory record test-opp-accepted-1: 'namespace'
Failed to load memory record test-opp-accepted-2: 'namespace'
Failed to load memory record test-opp-accepted-3: 'namespace'
Failed to load memory record test-opp-accepted-4: 'namespace'
Failed to load memory record test-opp-rejected-0: 'namespace'
Failed to load memory record test-opp-rejected-1: 'namespace'
Failed to load memory record test-opp-rejected-2: 'namespace'
Failed to load memory record expl-prio-opp-2-1786329524: 'namespace'
Failed to load memory record exec-mark_reviewed-1786329524: 'namespace'
Failed to load memory record exec-test_action-1786329524: 'namespace'
Failed to load memory record outcome-test_action-1786329524: 'namespace'
Failed to load memory record test-decision-1: 'namespace'
Failed to load memory record learn-decision-0: 'namespace'
Failed to load memory record learn-decision-1: 'namespace'
Failed to load memory record learn-decision-2: 'namespace'
Failed to load memory record learn-decision-3: 'namespace'
Failed to load memory record learn-decision-4: 'namespace'
Failed to load memory record reprio-feedback: 'namespace'
Failed to load memory record exec-orphan-test-0-1786329524: 'namespace'
Failed to load memory record expl-exec-orphan-test-0-0: 'namespace'
Failed to load memory record exec-orphan-test-1-1786329524: 'namespace'
Failed to load memory record expl-exec-orphan-test-1-0: 'namespace'
Failed to load memory record exec-orphan-test-2-1786329524: 'namespace'
Failed to load memory record expl-exec-orphan-test-2-0: 'namespace'
Failed to load memory record expl-prio-opp-100-1786329524: 'namespace'
Failed to load memory record exec-mark_reviewed-1786329524: 'namespace'
Failed to load memory record outcome-mark_reviewed-1786329524: 'namespace'
Failed to load memory record full-loop-decision: 'namespace'
Failed to load memory record exec-mark_reviewed-1786329524: 'namespace'
Failed to load memory record orphan-check: 'namespace'
Failed to load memory record expl-orphan-check: 'namespace'
Failed to load memory record persist-test: 'namespace'
Failed to load memory record persist-insight: 'namespace'
Failed to load memory record expl-prio-opp-2-1786331543: 'namespace'
Failed to load memory record exec-mark_reviewed-1786331543: 'namespace'
Failed to load memory record exec-test_action-1786331543: 'namespace'
Failed to load memory record outcome-test_action-1786331543: 'namespace'
Failed to load memory record test-decision-1: 'namespace'
Failed to load memory record learn-decision-0: 'namespace'
Failed to load memory record learn-decision-1: 'namespace'
Failed to load memory record learn-decision-2: 'namespace'
Failed to load memory record learn-decision-3: 'namespace'
Failed to load memory record learn-decision-4: 'namespace'
Failed to load memory record reprio-feedback: 'namespace'
Failed to load memory record exec-orphan-test-0-1786331543: 'namespace'
Failed to load memory record expl-exec-orphan-test-0-0: 'namespace'
Failed to load memory record exec-orphan-test-1-1786331543: 'namespace'
Failed to load memory record expl-exec-orphan-test-1-0: 'namespace'
Failed to load memory record exec-orphan-test-2-1786331543: 'namespace'
Failed to load memory record expl-exec-orphan-test-2-0: 'namespace'
Failed to load memory record expl-prio-opp-100-1786331543: 'namespace'
Failed to load memory record exec-mark_reviewed-1786331543: 'namespace'
Failed to load memory record outcome-mark_reviewed-1786331543: 'namespace'
Failed to load memory record full-loop-decision: 'namespace'
Failed to load memory record exec-mark_reviewed-1786331543: 'namespace'
Failed to load memory record orphan-check: 'namespace'
Failed to load memory record expl-orphan-check: 'namespace'
Failed to load memory record persist-test: 'namespace'
Failed to load memory record persist-insight: 'namespace'
Failed to load memory record test-opp-1: 'namespace'
Failed to load memory record test-opp-2: 'namespace'
Failed to load memory record test-opp-3: 'namespace'
Failed to load memory record test-opp-1: 'namespace'
Failed to load memory record test-opp-accepted-0: 'namespace'
Failed to load memory record test-opp-accepted-1: 'namespace'
Failed to load memory record test-opp-accepted-2: 'namespace'
Failed to load memory record test-opp-accepted-3: 'namespace'
Failed to load memory record test-opp-accepted-4: 'namespace'
Failed to load memory record test-opp-rejected-0: 'namespace'
Failed to load memory record test-opp-rejected-1: 'namespace'
Failed to load memory record test-opp-rejected-2: 'namespace'
Failed to load memory record expl-prio-opp-2-1786331721: 'namespace'
Failed to load memory record exec-mark_reviewed-1786331721: 'namespace'
Failed to load memory record exec-test_action-1786331721: 'namespace'
Failed to load memory record outcome-test_action-1786331721: 'namespace'
Failed to load memory record test-decision-1: 'namespace'
Failed to load memory record learn-decision-0: 'namespace'
Failed to load memory record learn-decision-1: 'namespace'
Failed to load memory record learn-decision-2: 'namespace'
Failed to load memory record learn-decision-3: 'namespace'
Failed to load memory record learn-decision-4: 'namespace'
Failed to load memory record reprio-feedback: 'namespace'
Failed to load memory record exec-orphan-test-0-1786331721: 'namespace'
Failed to load memory record expl-exec-orphan-test-0-0: 'namespace'
Failed to load memory record exec-orphan-test-1-1786331721: 'namespace'
Failed to load memory record expl-exec-orphan-test-1-0: 'namespace'
Failed to load memory record exec-orphan-test-2-1786331721: 'namespace'
Failed to load memory record expl-exec-orphan-test-2-0: 'namespace'
Failed to load memory record expl-prio-opp-100-1786331721: 'namespace'
Failed to load memory record exec-mark_reviewed-1786331721: 'namespace'
Failed to load memory record outcome-mark_reviewed-1786331721: 'namespace'
Failed to load memory record full-loop-decision: 'namespace'
Failed to load memory record exec-mark_reviewed-1786331721: 'namespace'
Failed to load memory record orphan-check: 'namespace'
Failed to load memory record expl-orphan-check: 'namespace'
Failed to load memory record persist-test: 'namespace'
Failed to load memory record persist-insight: 'namespace'
Failed to load memory record test-opp-1: 'namespace'
Failed to load memory record test-opp-2: 'namespace'
Failed to load memory record test-opp-3: 'namespace'
Failed to load memory record test-opp-1: 'namespace'
Failed to load memory record test-opp-accepted-0: 'namespace'
Failed to load memory record test-opp-accepted-1: 'namespace'
Failed to load memory record test-opp-accepted-2: 'namespace'
Failed to load memory record test-opp-accepted-3: 'namespace'
Failed to load memory record test-opp-accepted-4: 'namespace'
Failed to load memory record test-opp-rejected-0: 'namespace'
Failed to load memory record test-opp-rejected-1: 'namespace'
Failed to load memory record test-opp-rejected-2: 'namespace'
Failed to load memory record expl-prio-opp-2-1786333695: 'namespace'
Failed to load memory record exec-mark_reviewed-1786333695: 'namespace'
Failed to load memory record exec-test_action-1786333695: 'namespace'
Failed to load memory record outcome-test_action-1786333695: 'namespace'
Failed to load memory record test-decision-1: 'namespace'
Failed to load memory record learn-decision-0: 'namespace'
Failed to load memory record learn-decision-1: 'namespace'
Failed to load memory record learn-decision-2: 'namespace'
Failed to load memory record learn-decision-3: 'namespace'
Failed to load memory record learn-decision-4: 'namespace'
Failed to load memory record reprio-feedback: 'namespace'
Failed to load memory record exec-orphan-test-0-1786333695: 'namespace'
Failed to load memory record expl-exec-orphan-test-0-0: 'namespace'
Failed to load memory record exec-orphan-test-1-1786333695: 'namespace'
Failed to load memory record expl-exec-orphan-test-1-0: 'namespace'
Failed to load memory record exec-orphan-test-2-1786333695: 'namespace'
Failed to load memory record expl-exec-orphan-test-2-0: 'namespace'
Failed to load memory record expl-prio-opp-100-1786333695: 'namespace'
Failed to load memory record exec-mark_reviewed-1786333695: 'namespace'
Failed to load memory record outcome-mark_reviewed-1786333695: 'namespace'
Failed to load memory record full-loop-decision: 'namespace'
Failed to load memory record exec-mark_reviewed-1786333695: 'namespace'
Failed to load memory record orphan-check: 'namespace'
Failed to load memory record expl-orphan-check: 'namespace'
Failed to load memory record persist-test: 'namespace'
Failed to load memory record persist-insight: 'namespace'
Failed to load memory record test-opp-1: 'namespace'
Failed to load memory record test-opp-2: 'namespace'
Failed to load memory record test-opp-3: 'namespace'
Failed to load memory record test-opp-1: 'namespace'
Failed to load memory record test-opp-accepted-0: 'namespace'
Failed to load memory record test-opp-accepted-1: 'namespace'
Failed to load memory record test-opp-accepted-2: 'namespace'
Failed to load memory record test-opp-accepted-3: 'namespace'
Failed to load memory record test-opp-accepted-4: 'namespace'
Failed to load memory record test-opp-rejected-0: 'namespace'
Failed to load memory record test-opp-rejected-1: 'namespace'
Failed to load memory record test-opp-rejected-2: 'namespace'
Failed to load memory record expl-prio-opp-2-1786335966: 'namespace'
Failed to load memory record exec-mark_reviewed-1786335966: 'namespace'
Failed to load memory record exec-test_action-1786335966: 'namespace'
Failed to load memory record outcome-test_action-1786335966: 'namespace'
Failed to load memory record test-decision-1: 'namespace'
Failed to load memory record learn-decision-0: 'namespace'
Failed to load memory record learn-decision-1: 'namespace'
Failed to load memory record learn-decision-2: 'namespace'
Failed to load memory record learn-decision-3: 'namespace'
Failed to load memory record learn-decision-4: 'namespace'
Failed to load memory record reprio-feedback: 'namespace'
Failed to load memory record exec-orphan-test-0-1786335966: 'namespace'
Failed to load memory record expl-exec-orphan-test-0-0: 'namespace'
Failed to load memory record exec-orphan-test-1-1786335966: 'namespace'
Failed to load memory record expl-exec-orphan-test-1-0: 'namespace'
Failed to load memory record exec-orphan-test-2-1786335966: 'namespace'
Failed to load memory record expl-exec-orphan-test-2-0: 'namespace'
Failed to load memory record expl-prio-opp-100-1786335966: 'namespace'
Failed to load memory record exec-mark_reviewed-1786335966: 'namespace'
Failed to load memory record outcome-mark_reviewed-1786335966: 'namespace'
Failed to load memory record full-loop-decision: 'namespace'
Failed to load memory record exec-mark_reviewed-1786335966: 'namespace'
Failed to load memory record orphan-check: 'namespace'
Failed to load memory record expl-orphan-check: 'namespace'
Failed to load memory record persist-test: 'namespace'
Failed to load memory record persist-insight: 'namespace'
Failed to load memory record expl-prio-opp-2-1786335969: 'namespace'
Failed to load memory record exec-mark_reviewed-1786335969: 'namespace'
Failed to load memory record exec-test_action-1786335969: 'namespace'
Failed to load memory record outcome-test_action-1786335969: 'namespace'
Failed to load memory record test-decision-1: 'namespace'
Failed to load memory record learn-decision-0: 'namespace'
Failed to load memory record learn-decision-1: 'namespace'
Failed to load memory record learn-decision-2: 'namespace'
Failed to load memory record learn-decision-3: 'namespace'
Failed to load memory record learn-decision-4: 'namespace'
Failed to load memory record reprio-feedback: 'namespace'
Failed to load memory record exec-orphan-test-0-1786335970: 'namespace'
Failed to load memory record expl-exec-orphan-test-0-0: 'namespace'
Failed to load memory record exec-orphan-test-1-1786335970: 'namespace'
Failed to load memory record expl-exec-orphan-test-1-0: 'namespace'
Failed to load memory record exec-orphan-test-2-1786335970: 'namespace'
Failed to load memory record expl-exec-orphan-test-2-0: 'namespace'
Failed to load memory record expl-prio-opp-100-1786335970: 'namespace'
Failed to load memory record exec-mark_reviewed-1786335970: 'namespace'
Failed to load memory record outcome-mark_reviewed-1786335970: 'namespace'
Failed to load memory record full-loop-decision: 'namespace'
Failed to load memory record exec-mark_reviewed-1786335970: 'namespace'
Failed to load memory record orphan-check: 'namespace'
Failed to load memory record expl-orphan-check: 'namespace'
Failed to load memory record persist-test: 'namespace'
Failed to load memory record persist-insight: 'namespace'
Failed to load memory record test-opp-1: 'namespace'
Failed to load memory record test-opp-2: 'namespace'
Failed to load memory record test-opp-3: 'namespace'
Failed to load memory record test-opp-1: 'namespace'
Failed to load memory record test-opp-accepted-0: 'namespace'
Failed to load memory record test-opp-accepted-1: 'namespace'
Failed to load memory record test-opp-accepted-2: 'namespace'
Failed to load memory record test-opp-accepted-3: 'namespace'
Failed to load memory record test-opp-accepted-4: 'namespace'
Failed to load memory record test-opp-rejected-0: 'namespace'
Failed to load memory record test-opp-rejected-1: 'namespace'
Failed to load memory record test-opp-rejected-2: 'namespace'
Failed to load memory record test-opp-1: 'namespace'
Failed to load memory record test-opp-2: 'namespace'
Failed to load memory record test-opp-3: 'namespace'
Failed to load memory record test-opp-1: 'namespace'
Failed to load memory record test-opp-accepted-0: 'namespace'
Failed to load memory record test-opp-accepted-1: 'namespace'
Failed to load memory record test-opp-accepted-2: 'namespace'
Failed to load memory record test-opp-accepted-3: 'namespace'
Failed to load memory record test-opp-accepted-4: 'namespace'
Failed to load memory record test-opp-rejected-0: 'namespace'
Failed to load memory record test-opp-rejected-1: 'namespace'
Failed to load memory record test-opp-rejected-2: 'namespace'
Failed to load memory record expl-prio-opp-2-1786343966: 'namespace'
Failed to load memory record exec-mark_reviewed-1786343966: 'namespace'
Failed to load memory record exec-test_action-1786343966: 'namespace'
Failed to load memory record outcome-test_action-1786343966: 'namespace'
Failed to load memory record test-decision-1: 'namespace'
Failed to load memory record learn-decision-0: 'namespace'
Failed to load memory record learn-decision-1: 'namespace'
Failed to load memory record learn-decision-2: 'namespace'
Failed to load memory record learn-decision-3: 'namespace'
Failed to load memory record learn-decision-4: 'namespace'
Failed to load memory record reprio-feedback: 'namespace'
Failed to load memory record exec-orphan-test-0-1786343967: 'namespace'
Failed to load memory record expl-exec-orphan-test-0-0: 'namespace'
Failed to load memory record exec-orphan-test-1-1786343967: 'namespace'
Failed to load memory record expl-exec-orphan-test-1-0: 'namespace'
Failed to load memory record exec-orphan-test-2-1786343967: 'namespace'
Failed to load memory record expl-exec-orphan-test-2-0: 'namespace'
Failed to load memory record expl-prio-opp-100-1786343967: 'namespace'
Failed to load memory record exec-mark_reviewed-1786343967: 'namespace'
Failed to load memory record outcome-mark_reviewed-1786343967: 'namespace'
Failed to load memory record full-loop-decision: 'namespace'
Failed to load memory record exec-mark_reviewed-1786343967: 'namespace'
Failed to load memory record orphan-check: 'namespace'
Failed to load memory record expl-orphan-check: 'namespace'
Failed to load memory record persist-test: 'namespace'
Failed to load memory record persist-insight: 'namespace'
Failed to load memory record expl-prio-opp-2-1786343983: 'namespace'
Failed to load memory record exec-mark_reviewed-1786343983: 'namespace'
Failed to load memory record exec-test_action-1786343983: 'namespace'
Failed to load memory record outcome-test_action-1786343983: 'namespace'
Failed to load memory record test-decision-1: 'namespace'
Failed to load memory record learn-decision-0: 'namespace'
Failed to load memory record learn-decision-1: 'namespace'
Failed to load memory record learn-decision-2: 'namespace'
Failed to load memory record learn-decision-3: 'namespace'
Failed to load memory record learn-decision-4: 'namespace'
Failed to load memory record reprio-feedback: 'namespace'
Failed to load memory record exec-orphan-test-0-1786343983: 'namespace'
Failed to load memory record expl-exec-orphan-test-0-0: 'namespace'
Failed to load memory record exec-orphan-test-1-1786343983: 'namespace'
Failed to load memory record expl-exec-orphan-test-1-0: 'namespace'
Failed to load memory record exec-orphan-test-2-1786343983: 'namespace'
Failed to load memory record expl-exec-orphan-test-2-0: 'namespace'
Failed to load memory record expl-prio-opp-100-1786343983: 'namespace'
Failed to load memory record exec-mark_reviewed-1786343983: 'namespace'
Failed to load memory record outcome-mark_reviewed-1786343983: 'namespace'
Failed to load memory record full-loop-decision: 'namespace'
Failed to load memory record exec-mark_reviewed-1786343983: 'namespace'
Failed to load memory record orphan-check: 'namespace'
Failed to load memory record expl-orphan-check: 'namespace'
Failed to load memory record persist-test: 'namespace'
Failed to load memory record persist-insight: 'namespace'
Failed to load memory record test-opp-1: 'namespace'
Failed to load memory record test-opp-2: 'namespace'
Failed to load memory record test-opp-3: 'namespace'
Failed to load memory record test-opp-1: 'namespace'
Failed to load memory record test-opp-accepted-0: 'namespace'
Failed to load memory record test-opp-accepted-1: 'namespace'
Failed to load memory record test-opp-accepted-2: 'namespace'
Failed to load memory record test-opp-accepted-3: 'namespace'
Failed to load memory record test-opp-accepted-4: 'namespace'
Failed to load memory record test-opp-rejected-0: 'namespace'
Failed to load memory record test-opp-rejected-1: 'namespace'
Failed to load memory record test-opp-rejected-2: 'namespace'
Failed to load memory record test-opp-1: 'namespace'
Failed to load memory record test-opp-2: 'namespace'
Failed to load memory record test-opp-3: 'namespace'
Failed to load memory record test-opp-1: 'namespace'
Failed to load memory record test-opp-accepted-0: 'namespace'
Failed to load memory record test-opp-accepted-1: 'namespace'
Failed to load memory record test-opp-accepted-2: 'namespace'
Failed to load memory record test-opp-accepted-3: 'namespace'
Failed to load memory record test-opp-accepted-4: 'namespace'
Failed to load memory record test-opp-rejected-0: 'namespace'
Failed to load memory record test-opp-rejected-1: 'namespace'
Failed to load memory record test-opp-rejected-2: 'namespace'
Failed to load memory record expl-prio-opp-2-1786344228: 'namespace'
Failed to load memory record exec-mark_reviewed-1786344228: 'namespace'
Failed to load memory record exec-test_action-1786344228: 'namespace'
Failed to load memory record outcome-test_action-1786344228: 'namespace'
Failed to load memory record test-decision-1: 'namespace'
Failed to load memory record learn-decision-0: 'namespace'
Failed to load memory record learn-decision-1: 'namespace'
Failed to load memory record learn-decision-2: 'namespace'
Failed to load memory record learn-decision-3: 'namespace'
Failed to load memory record learn-decision-4: 'namespace'
Failed to load memory record reprio-feedback: 'namespace'
Failed to load memory record exec-orphan-test-0-1786344228: 'namespace'
Failed to load memory record expl-exec-orphan-test-0-0: 'namespace'
Failed to load memory record exec-orphan-test-1-1786344228: 'namespace'
Failed to load memory record expl-exec-orphan-test-1-0: 'namespace'
Failed to load memory record exec-orphan-test-2-1786344228: 'namespace'
Failed to load memory record expl-exec-orphan-test-2-0: 'namespace'
Failed to load memory record expl-prio-opp-100-1786344228: 'namespace'
Failed to load memory record exec-mark_reviewed-1786344228: 'namespace'
Failed to load memory record outcome-mark_reviewed-1786344228: 'namespace'
Failed to load memory record full-loop-decision: 'namespace'
Failed to load memory record exec-mark_reviewed-1786344228: 'namespace'
Failed to load memory record orphan-check: 'namespace'
Failed to load memory record expl-orphan-check: 'namespace'
Failed to load memory record persist-test: 'namespace'
Failed to load memory record persist-insight: 'namespace'
Failed to load memory record expl-prio-opp-2-1786344237: 'namespace'
Failed to load memory record exec-mark_reviewed-1786344237: 'namespace'
Failed to load memory record exec-test_action-1786344237: 'namespace'
Failed to load memory record outcome-test_action-1786344237: 'namespace'
Failed to load memory record test-decision-1: 'namespace'
Failed to load memory record learn-decision-0: 'namespace'
Failed to load memory record learn-decision-1: 'namespace'
Failed to load memory record learn-decision-2: 'namespace'
Failed to load memory record learn-decision-3: 'namespace'
Failed to load memory record learn-decision-4: 'namespace'
Failed to load memory record reprio-feedback: 'namespace'
Failed to load memory record exec-orphan-test-0-1786344237: 'namespace'
Failed to load memory record expl-exec-orphan-test-0-0: 'namespace'
Failed to load memory record exec-orphan-test-1-1786344237: 'namespace'
Failed to load memory record expl-exec-orphan-test-1-0: 'namespace'
Failed to load memory record exec-orphan-test-2-1786344237: 'namespace'
Failed to load memory record expl-exec-orphan-test-2-0: 'namespace'
Failed to load memory record expl-prio-opp-100-1786344237: 'namespace'
Failed to load memory record exec-mark_reviewed-1786344237: 'namespace'
Failed to load memory record outcome-mark_reviewed-1786344237: 'namespace'
Failed to load memory record full-loop-decision: 'namespace'
Failed to load memory record exec-mark_reviewed-1786344237: 'namespace'
Failed to load memory record orphan-check: 'namespace'
Failed to load memory record expl-orphan-check: 'namespace'
Failed to load memory record persist-test: 'namespace'
Failed to load memory record persist-insight: 'namespace'
Failed to load memory record expl-prio-opp-2-1786344239: 'namespace'
Failed to load memory record exec-mark_reviewed-1786344239: 'namespace'
Failed to load memory record exec-test_action-1786344239: 'namespace'
Failed to load memory record outcome-test_action-1786344239: 'namespace'
Failed to load memory record test-decision-1: 'namespace'
Failed to load memory record learn-decision-0: 'namespace'
Failed to load memory record learn-decision-1: 'namespace'
Failed to load memory record learn-decision-2: 'namespace'
Failed to load memory record learn-decision-3: 'namespace'
Failed to load memory record learn-decision-4: 'namespace'
Failed to load memory record reprio-feedback: 'namespace'
Failed to load memory record exec-orphan-test-0-1786344239: 'namespace'
Failed to load memory record expl-exec-orphan-test-0-0: 'namespace'
Failed to load memory record exec-orphan-test-1-1786344239: 'namespace'
Failed to load memory record expl-exec-orphan-test-1-0: 'namespace'
Failed to load memory record exec-orphan-test-2-1786344239: 'namespace'
Failed to load memory record expl-exec-orphan-test-2-0: 'namespace'
Failed to load memory record expl-prio-opp-100-1786344239: 'namespace'
Failed to load memory record exec-mark_reviewed-1786344239: 'namespace'
Failed to load memory record outcome-mark_reviewed-1786344239: 'namespace'
Failed to load memory record full-loop-decision: 'namespace'
Failed to load memory record exec-mark_reviewed-1786344239: 'namespace'
Failed to load memory record orphan-check: 'namespace'
Failed to load memory record expl-orphan-check: 'namespace'
Failed to load memory record persist-test: 'namespace'
Failed to load memory record persist-insight: 'namespace'
Failed to load memory record test-opp-1: 'namespace'
Failed to load memory record test-opp-2: 'namespace'
Failed to load memory record test-opp-3: 'namespace'
Failed to load memory record test-opp-1: 'namespace'
Failed to load memory record test-opp-accepted-0: 'namespace'
Failed to load memory record test-opp-accepted-1: 'namespace'
Failed to load memory record test-opp-accepted-2: 'namespace'
Failed to load memory record test-opp-accepted-3: 'namespace'
Failed to load memory record test-opp-accepted-4: 'namespace'
Failed to load memory record test-opp-rejected-0: 'namespace'
Failed to load memory record test-opp-rejected-1: 'namespace'
Failed to load memory record test-opp-rejected-2: 'namespace'
Failed to load memory record test-opp-1: 'namespace'
Failed to load memory record test-opp-2: 'namespace'
Failed to load memory record test-opp-3: 'namespace'
Failed to load memory record test-opp-1: 'namespace'
Failed to load memory record test-opp-accepted-0: 'namespace'
Failed to load memory record test-opp-accepted-1: 'namespace'
Failed to load memory record test-opp-accepted-2: 'namespace'
Failed to load memory record test-opp-accepted-3: 'namespace'
Failed to load memory record test-opp-accepted-4: 'namespace'
Failed to load memory record test-opp-rejected-0: 'namespace'
Failed to load memory record test-opp-rejected-1: 'namespace'
Failed to load memory record test-opp-rejected-2: 'namespace'
Failed to load memory record expl-prio-opp-2-1786355662: 'namespace'
Failed to load memory record exec-mark_reviewed-1786355662: 'namespace'
Failed to load memory record exec-test_action-1786355662: 'namespace'
Failed to load memory record outcome-test_action-1786355662: 'namespace'
Failed to load memory record test-decision-1: 'namespace'
Failed to load memory record learn-decision-0: 'namespace'
Failed to load memory record learn-decision-1: 'namespace'
Failed to load memory record learn-decision-2: 'namespace'
Failed to load memory record learn-decision-3: 'namespace'
Failed to load memory record learn-decision-4: 'namespace'
Failed to load memory record reprio-feedback: 'namespace'
Failed to load memory record exec-orphan-test-0-1786355662: 'namespace'
Failed to load memory record expl-exec-orphan-test-0-0: 'namespace'
Failed to load memory record exec-orphan-test-1-1786355662: 'namespace'
Failed to load memory record expl-exec-orphan-test-1-0: 'namespace'
Failed to load memory record exec-orphan-test-2-1786355662: 'namespace'
Failed to load memory record expl-exec-orphan-test-2-0: 'namespace'
Failed to load memory record expl-prio-opp-100-1786355662: 'namespace'
Failed to load memory record exec-mark_reviewed-1786355662: 'namespace'
Failed to load memory record outcome-mark_reviewed-1786355662: 'namespace'
Failed to load memory record full-loop-decision: 'namespace'
Failed to load memory record exec-mark_reviewed-1786355662: 'namespace'
Failed to load memory record orphan-check: 'namespace'
Failed to load memory record expl-orphan-check: 'namespace'
Failed to load memory record persist-test: 'namespace'
Failed to load memory record persist-insight: 'namespace'
Failed to load memory record test-opp-1: 'namespace'
Failed to load memory record test-opp-2: 'namespace'
Failed to load memory record test-opp-3: 'namespace'
Failed to load memory record test-opp-1: 'namespace'
Failed to load memory record test-opp-accepted-0: 'namespace'
Failed to load memory record test-opp-accepted-1: 'namespace'
Failed to load memory record test-opp-accepted-2: 'namespace'
Failed to load memory record test-opp-accepted-3: 'namespace'
Failed to load memory record test-opp-accepted-4: 'namespace'
Failed to load memory record test-opp-rejected-0: 'namespace'
Failed to load memory record test-opp-rejected-1: 'namespace'
Failed to load memory record test-opp-rejected-2: 'namespace'
