2026-08-21 22:52:55 [BOOT] Desktop session created (device=ADRI-6806b990)
2026-08-21 22:52:55 [READY] CATEYE Desktop ready (desktop window)
2026-08-21 22:52:55 [BROWSER] Opening desktop window -> http://127.0.0.1:8000/?token=eyJkYXRhIjp7Im1ldGEiOnsiZGVza3RvcCI6dHJ1ZSwiZnJvemVuIjpmYWxzZSwicG9ydCI6ODAwMH0sInN1YiI6IkFEUkktNjgwNmI5OTAifSwiZXhwIjoxNzg3MzcwNTkyLCJpYXQiOjE3ODcyODQxOTJ9.53c25af8d7a58b4a90bb9dfc661ae2fd213c8a2962a6c87f1f87907701bc808e&device_id=ADRI-6806b990
2026-08-21 22:52:55 [BROWSER] webview.create_window() starting...
2026-08-21 22:52:55 [BROWSER] Desktop window failed ('Window' object has no attribute 'closed'), falling back to browser
2026-08-21 22:52:55 [BOOT] Desktop UI unavailable, browser mode activated.
2026-08-21 22:52:57 [BROWSER] Dashboard opened in browser
2026-08-21 22:52:57 [TRAY] System tray initialized
2026-08-21 22:52:57 [READY] CATEYE Desktop ready (browser fallback)
2026-08-21 22:53:57 [BOOT] CATEYE Desktop — PID: 64531
2026-08-21 22:53:57 [BOOT] Frozen: False, Python: 3.14.4, OS: linux
2026-08-21 22:53:57 [BOOT] Backend port: 8000
2026-08-21 22:53:57 [API] Starting API server
2026-08-21 22:53:57 [FRONTEND] Frontend mounted from /home/adriel/projects/Rastro/frontend/dist (routes: 2)
2026-08-21 22:53:57 [API] Server thread started on 127.0.0.1:8000
2026-08-21 22:53:57 [API] Server listening on 127.0.0.1:8000
2026-08-21 22:53:57 [HEALTHY] Backend healthy on port 8000
2026-08-21 22:53:57 [BOOT] Session — device_id from settings: ADRI-6806b990
2026-08-21 22:53:57 [BOOT] Session — calling manager.authenticate (device=ADRI-6806b990)
2026-08-21 22:53:57 [BOOT] Session — authenticate result keys: ['token', 'refresh', 'device_id', 'user_id', 'existing']
2026-08-21 22:53:57 [BOOT] Session — token obtained: eyJkYXRhIjp7Im1ldGEi...
2026-08-21 22:53:57 [BOOT] Session — stored token check: OK
2026-08-21 22:53:57 [BOOT] Desktop session created (device=ADRI-6806b990)
2026-08-21 22:53:57 [READY] CATEYE Desktop ready (desktop window)
2026-08-21 22:53:57 [BROWSER] Opening desktop window -> http://127.0.0.1:8000/?token=eyJkYXRhIjp7Im1ldGEiOnsiZGVza3RvcCI6dHJ1ZSwiZnJvemVuIjpmYWxzZSwicG9ydCI6ODAwMH0sInN1YiI6IkFEUkktNjgwNmI5OTAifSwiZXhwIjoxNzg3MzcwNTkyLCJpYXQiOjE3ODcyODQxOTJ9.53c25af8d7a58b4a90bb9dfc661ae2fd213c8a2962a6c87f1f87907701bc808e&device_id=ADRI-6806b990
2026-08-21 22:53:57 [BROWSER] webview.create_window() starting...
2026-08-21 22:53:57 [BROWSER] Desktop window failed ('Window' object has no attribute 'closed'), falling back to browser
2026-08-21 22:53:57 [BOOT] Desktop UI unavailable, browser mode activated.
2026-08-21 22:53:58 [BROWSER] Dashboard opened in browser
2026-08-21 22:53:59 [TRAY] System tray initialized
2026-08-21 22:53:59 [READY] CATEYE Desktop ready (browser fallback)
2026-08-21 22:55:04 [BOOT] CATEYE Desktop — PID: 66202
2026-08-21 22:55:04 [BOOT] Frozen: False, Python: 3.14.4, OS: linux
2026-08-21 22:55:04 [BOOT] Backend port: 8000
2026-08-21 22:55:04 [API] Starting API server
2026-08-21 22:55:04 [FRONTEND] Frontend mounted from /home/adriel/projects/Rastro/frontend/dist (routes: 2)
2026-08-21 22:55:04 [API] Server thread started on 127.0.0.1:8000
2026-08-21 22:55:04 [API] Server listening on 127.0.0.1:8000
2026-08-21 22:55:04 [HEALTHY] Backend healthy on port 8000
2026-08-21 22:55:04 [BOOT] Session — device_id from settings: ADRI-6806b990
2026-08-21 22:55:04 [BOOT] Session — calling manager.authenticate (device=ADRI-6806b990)
2026-08-21 22:55:04 [BOOT] Session — authenticate result keys: ['token', 'refresh', 'device_id', 'user_id', 'existing']
2026-08-21 22:55:04 [BOOT] Session — token obtained: eyJkYXRhIjp7Im1ldGEi...
2026-08-21 22:55:04 [BOOT] Session — stored token check: OK
2026-08-21 22:55:04 [BOOT] Desktop session created (device=ADRI-6806b990)
2026-08-21 22:55:04 [READY] CATEYE Desktop ready (desktop window)
2026-08-21 22:55:04 [BROWSER] Opening desktop window -> http://127.0.0.1:8000/?token=eyJkYXRhIjp7Im1ldGEiOnsiZGVza3RvcCI6dHJ1ZSwiZnJvemVuIjpmYWxzZSwicG9ydCI6ODAwMH0sInN1YiI6IkFEUkktNjgwNmI5OTAifSwiZXhwIjoxNzg3MzcwNTkyLCJpYXQiOjE3ODcyODQxOTJ9.53c25af8d7a58b4a90bb9dfc661ae2fd213c8a2962a6c87f1f87907701bc808e&device_id=ADRI-6806b990
2026-08-21 22:55:04 [BROWSER] webview.create_window() starting...
2026-08-21 22:55:04 [BROWSER] Desktop window failed ('Window' object has no attribute 'closed'), falling back to browser
2026-08-21 22:55:04 [BOOT] Desktop UI unavailable, browser mode activated.
2026-08-21 22:55:05 [BROWSER] Dashboard opened in browser
2026-08-21 22:55:05 [TRAY] System tray initialized
2026-08-21 22:55:05 [READY] CATEYE Desktop ready (browser fallback)
2026-08-24 21:20:16 [BOOT] CATEYE Desktop — PID: 91375
2026-08-24 21:20:16 [BOOT] Frozen: False, Python: 3.14.4, OS: linux
2026-08-24 21:20:16 [BOOT] Backend port: 8000
2026-08-24 21:20:16 [API] Starting API server
2026-08-24 21:20:16 [FRONTEND] Frontend mounted from /home/adriel/projects/Rastro/frontend/dist (routes: 2)
2026-08-24 21:20:16 [API] Server thread started on 127.0.0.1:8000
2026-08-24 21:20:17 [API] Server listening on 127.0.0.1:8000
2026-08-24 21:20:19 [HEALTHY] Backend healthy on port 8000
2026-08-24 21:20:19 [BOOT] Session — device_id from settings: ADRI-6806b990
2026-08-24 21:20:19 [BOOT] Session — calling manager.authenticate (device=ADRI-6806b990)
2026-08-24 21:20:19 [BOOT] Session — authenticate result keys: ['token', 'refresh', 'device_id', 'user_id', 'existing']
2026-08-24 21:20:19 [BOOT] Session — token obtained: eyJkYXRhIjp7Im1ldGEi...
2026-08-24 21:20:19 [BOOT] Session — stored token check: OK
2026-08-24 21:20:19 [BOOT] Desktop session created (device=ADRI-6806b990)
2026-08-24 21:20:19 [READY] CATEYE Desktop ready (desktop window)
2026-08-24 21:20:19 [BROWSER] Opening desktop window -> http://127.0.0.1:8000/?token=eyJkYXRhIjp7Im1ldGEiOnsiZGVza3RvcCI6dHJ1ZSwiZnJvemVuIjpmYWxzZSwicG9ydCI6ODAwMH0sInN1YiI6IkFEUkktNjgwNmI5OTAifSwiZXhwIjoxNzg3NjkyODE5LCJpYXQiOjE3ODc2MDY0MTl9.1619e572a5c4686091056b2e189c28324b367db21c08807d5fd0b94dfea388aa&device_id=ADRI-6806b990
2026-08-24 21:20:19 [BROWSER] webview.create_window() starting...
2026-08-24 21:20:19 [BROWSER] Desktop window failed ('Window' object has no attribute 'closed'), falling back to browser
2026-08-24 21:20:19 [BOOT] Desktop UI unavailable, browser mode activated.
2026-08-24 21:20:21 [BROWSER] Dashboard opened in browser
2026-08-24 21:20:21 [TRAY] System tray initialized
2026-08-24 21:20:21 [READY] CATEYE Desktop ready (browser fallback)
2026-08-24 21:21:02 [BOOT] CATEYE Desktop — PID: 93127
2026-08-24 21:21:02 [BOOT] Frozen: False, Python: 3.14.4, OS: linux
2026-08-24 21:21:02 [BOOT] Backend port: 8000
2026-08-24 21:21:02 [API] Starting API server
2026-08-24 21:21:02 [FRONTEND] Frontend mounted from /home/adriel/projects/Rastro/frontend/dist (routes: 2)
2026-08-24 21:21:02 [API] Server thread started on 127.0.0.1:8000
2026-08-24 21:21:02 [API] Server listening on 127.0.0.1:8000
2026-08-24 21:21:02 [HEALTHY] Backend healthy on port 8000
2026-08-24 21:21:02 [BOOT] Session — device_id from settings: ADRI-6806b990
2026-08-24 21:21:02 [BOOT] Session — calling manager.authenticate (device=ADRI-6806b990)
2026-08-24 21:21:02 [BOOT] Session — authenticate result keys: ['token', 'refresh', 'device_id', 'user_id', 'existing']
2026-08-24 21:21:02 [BOOT] Session — token obtained: eyJkYXRhIjp7Im1ldGEi...
2026-08-24 21:21:02 [BOOT] Session — stored token check: OK
2026-08-24 21:21:02 [BOOT] Desktop session created (device=ADRI-6806b990)
2026-08-24 21:21:02 [READY] CATEYE Desktop ready (desktop window)
2026-08-24 21:21:02 [BROWSER] Opening desktop window -> http://127.0.0.1:8000/?token=eyJkYXRhIjp7Im1ldGEiOnsiZGVza3RvcCI6dHJ1ZSwiZnJvemVuIjpmYWxzZSwicG9ydCI6ODAwMH0sInN1YiI6IkFEUkktNjgwNmI5OTAifSwiZXhwIjoxNzg3NjkyODE5LCJpYXQiOjE3ODc2MDY0MTl9.1619e572a5c4686091056b2e189c28324b367db21c08807d5fd0b94dfea388aa&device_id=ADRI-6806b990
2026-08-24 21:21:02 [BROWSER] webview.create_window() starting...
2026-08-24 21:21:02 [BROWSER] Desktop window failed ('Window' object has no attribute 'closed'), falling back to browser
2026-08-24 21:21:02 [BOOT] Desktop UI unavailable, browser mode activated.
2026-08-24 21:21:04 [BROWSER] Dashboard opened in browser
2026-08-24 21:21:04 [TRAY] System tray initialized
2026-08-24 21:21:04 [READY] CATEYE Desktop ready (browser fallback)
2026-08-24 21:24:26 [BOOT] CATEYE Desktop — PID: 96526
2026-08-24 21:24:26 [BOOT] Frozen: False, Python: 3.14.4, OS: linux
2026-08-24 21:24:26 [BOOT] Backend port: 8000
2026-08-24 21:24:26 [API] Starting API server
2026-08-24 21:24:26 [FRONTEND] Frontend mounted from /home/adriel/projects/Rastro/frontend/dist (routes: 2)
2026-08-24 21:24:26 [API] Server thread started on 127.0.0.1:8000
2026-08-24 21:24:26 [API] Server listening on 127.0.0.1:8000
2026-08-24 21:24:28 [HEALTHY] Health check error: timed out
2026-08-24 21:24:30 [HEALTHY] Health check error: timed out
2026-08-24 21:24:33 [HEALTHY] Health check error: timed out
2026-08-24 21:24:35 [HEALTHY] Health check error: timed out
2026-08-24 21:24:38 [HEALTHY] Health check error: timed out
2026-08-24 21:24:41 [HEALTHY] Health check error: timed out
2026-08-24 21:24:43 [HEALTHY] Health check error: timed out
2026-08-24 21:24:46 [HEALTHY] Health check error: timed out
2026-08-24 21:24:48 [HEALTHY] Health check error: timed out
2026-08-24 21:24:51 [HEALTHY] Health check error: timed out
2026-08-24 21:24:54 [HEALTHY] Health check error: timed out
2026-08-24 21:24:56 [HEALTHY] Health check error: timed out
2026-08-24 21:24:57 [HEALTHY] Health check timed out — revisar lifecycle.log
2026-08-24 21:25:32 [BOOT] CATEYE Desktop — PID: 98719
2026-08-24 21:25:32 [BOOT] Frozen: False, Python: 3.14.4, OS: linux
2026-08-24 21:25:32 [BOOT] Backend port: 8000
2026-08-24 21:25:32 [API] Starting API server
2026-08-24 21:25:32 [FRONTEND] Frontend mounted from /home/adriel/projects/Rastro/frontend/dist (routes: 2)
2026-08-24 21:25:32 [API] Server thread started on 127.0.0.1:8000
2026-08-24 21:25:32 [API] Server listening on 127.0.0.1:8000
2026-08-24 21:25:34 [HEALTHY] Health check error: timed out
2026-08-24 21:25:36 [HEALTHY] Health check error: timed out
2026-08-24 21:25:39 [HEALTHY] Health check error: timed out
2026-08-24 21:25:41 [HEALTHY] Health check error: timed out
2026-08-24 21:25:44 [HEALTHY] Health check error: timed out
2026-08-24 21:25:47 [HEALTHY] Health check error: timed out
2026-08-24 21:25:49 [HEALTHY] Health check error: timed out
2026-08-24 21:25:52 [HEALTHY] Health check error: timed out
2026-08-24 21:25:54 [HEALTHY] Health check error: timed out
2026-08-24 21:25:57 [HEALTHY] Health check error: timed out
2026-08-24 21:25:59 [HEALTHY] Health check error: timed out
2026-08-24 21:26:02 [HEALTHY] Health check error: timed out
2026-08-24 21:26:02 [HEALTHY] Health check timed out — revisar lifecycle.log
2026-08-24 21:26:24 [BOOT] CATEYE Desktop — PID: 100576
2026-08-24 21:26:24 [BOOT] Frozen: False, Python: 3.14.4, OS: linux
2026-08-24 21:26:24 [BOOT] Backend port: 8000
2026-08-24 21:26:24 [API] Starting API server
2026-08-24 21:26:24 [FRONTEND] Frontend mounted from /home/adriel/projects/Rastro/frontend/dist (routes: 2)
2026-08-24 21:26:24 [API] Server thread started on 127.0.0.1:8000
2026-08-24 21:26:24 [API] Server listening on 127.0.0.1:8000
2026-08-24 21:26:26 [HEALTHY] Health check error: timed out
2026-08-24 21:26:28 [HEALTHY] Health check error: timed out
2026-08-24 21:26:31 [HEALTHY] Health check error: timed out
2026-08-24 21:26:33 [HEALTHY] Health check error: timed out
2026-08-24 21:26:36 [HEALTHY] Health check error: timed out
2026-08-24 21:26:38 [HEALTHY] Health check error: timed out
2026-08-24 21:26:41 [HEALTHY] Health check error: timed out
2026-08-24 21:26:43 [HEALTHY] Health check error: timed out
2026-08-24 21:26:46 [HEALTHY] Health check error: timed out
2026-08-24 21:26:48 [HEALTHY] Health check error: timed out
2026-08-24 21:26:51 [HEALTHY] Health check error: timed out
2026-08-24 21:26:54 [HEALTHY] Health check error: timed out
2026-08-24 21:26:54 [HEALTHY] Health check timed out — revisar lifecycle.log
2026-08-24 21:27:24 [BOOT] CATEYE Desktop — PID: 102393
2026-08-24 21:27:24 [BOOT] Frozen: False, Python: 3.14.4, OS: linux
2026-08-24 21:27:24 [BOOT] Backend port: 8000
2026-08-24 21:27:24 [API] Starting API server
2026-08-24 21:27:24 [FRONTEND] Frontend mounted from /home/adriel/projects/Rastro/frontend/dist (routes: 2)
2026-08-24 21:27:24 [API] Server thread started on 127.0.0.1:8000
2026-08-24 21:27:24 [API] Server listening on 127.0.0.1:8000
2026-08-24 21:27:26 [HEALTHY] Health check error: timed out
2026-08-24 21:27:29 [HEALTHY] Health check error: timed out
2026-08-24 21:27:31 [HEALTHY] Health check error: timed out
2026-08-24 21:27:34 [HEALTHY] Health check error: timed out
2026-08-24 21:27:36 [HEALTHY] Health check error: timed out
2026-08-24 21:27:39 [HEALTHY] Health check error: timed out
2026-08-24 21:27:41 [HEALTHY] Health check error: timed out
2026-08-24 21:27:44 [HEALTHY] Health check error: timed out
2026-08-24 21:27:46 [HEALTHY] Health check error: timed out
2026-08-24 21:27:49 [HEALTHY] Health check error: timed out
2026-08-24 21:27:51 [HEALTHY] Health check error: timed out
2026-08-24 21:27:55 [HEALTHY] Health check error: timed out
2026-08-24 21:28:13 [HEALTHY] Health check timed out — revisar lifecycle.log
2026-08-24 21:29:32 [BOOT] CATEYE Desktop — PID: 104647
2026-08-24 21:29:32 [BOOT] Frozen: False, Python: 3.14.4, OS: linux
2026-08-24 21:29:32 [BOOT] Backend port: 8000
2026-08-24 21:29:32 [API] Starting API server
2026-08-24 21:29:32 [FRONTEND] Frontend mounted from /home/adriel/projects/Rastro/frontend/dist (routes: 2)
2026-08-24 21:29:32 [API] Server thread started on 127.0.0.1:8000
2026-08-24 21:29:32 [API] Server listening on 127.0.0.1:8000
2026-08-24 21:29:34 [HEALTHY] Health check error: timed out
2026-08-24 21:29:37 [HEALTHY] Health check error: timed out
2026-08-24 21:29:39 [HEALTHY] Health check error: timed out
2026-08-24 21:29:42 [HEALTHY] Health check error: timed out
2026-08-24 21:29:44 [HEALTHY] Health check error: timed out
2026-08-24 21:29:47 [HEALTHY] Health check error: timed out
2026-08-24 21:29:50 [HEALTHY] Health check error: timed out
2026-08-24 21:29:52 [HEALTHY] Health check error: timed out
2026-08-24 21:29:55 [HEALTHY] Health check error: timed out
2026-08-24 21:29:57 [HEALTHY] Health check error: timed out
2026-08-24 21:30:00 [HEALTHY] Health check error: timed out
2026-08-24 21:30:02 [HEALTHY] Health check error: timed out
2026-08-24 21:30:03 [HEALTHY] Health check timed out — revisar lifecycle.log
2026-08-24 21:30:06 [BOOT] CATEYE Desktop — PID: 105872
2026-08-24 21:30:06 [BOOT] Frozen: False, Python: 3.14.4, OS: linux
2026-08-24 21:30:06 [BOOT] Backend port: 8000
2026-08-24 21:30:06 [API] Starting API server
2026-08-24 21:30:06 [FRONTEND] Frontend mounted from /home/adriel/projects/Rastro/frontend/dist (routes: 2)
2026-08-24 21:30:06 [API] Server thread started on 127.0.0.1:8000
2026-08-24 21:30:06 [API] Server listening on 127.0.0.1:8000
2026-08-24 21:30:08 [HEALTHY] Health check error: timed out
2026-08-24 21:30:10 [HEALTHY] Health check error: timed out
2026-08-24 21:30:13 [HEALTHY] Health check error: timed out
2026-08-24 21:30:15 [HEALTHY] Health check error: timed out
2026-08-24 21:30:18 [HEALTHY] Health check error: timed out
2026-08-24 21:30:20 [HEALTHY] Health check error: timed out
2026-08-24 21:30:23 [HEALTHY] Health check error: timed out
2026-08-24 21:30:25 [HEALTHY] Health check error: timed out
2026-08-24 21:30:28 [HEALTHY] Health check error: timed out
2026-08-24 21:30:30 [HEALTHY] Health check error: timed out
2026-08-24 21:30:33 [HEALTHY] Health check error: timed out
2026-08-24 21:30:36 [HEALTHY] Health check error: timed out
2026-08-24 21:30:36 [HEALTHY] Health check timed out — revisar lifecycle.log
2026-08-24 21:33:00 [BOOT] CATEYE Desktop — PID: 107781
2026-08-24 21:33:00 [BOOT] Frozen: False, Python: 3.14.4, OS: linux
2026-08-24 21:33:00 [BOOT] Backend port: 8000
2026-08-24 21:33:00 [API] Starting API server
2026-08-24 21:33:00 [FRONTEND] Frontend mounted from /home/adriel/projects/Rastro/frontend/dist (routes: 2)
2026-08-24 21:33:00 [API] Server thread started on 127.0.0.1:8000
2026-08-24 21:33:00 [API] Server listening on 127.0.0.1:8000
2026-08-24 21:33:02 [HEALTHY] Health check error: timed out
2026-08-24 21:33:05 [HEALTHY] Health check error: timed out
2026-08-24 21:33:07 [HEALTHY] Health check error: timed out
2026-08-24 21:33:10 [HEALTHY] Health check error: timed out
2026-08-24 21:33:12 [HEALTHY] Health check error: timed out
2026-08-24 21:33:15 [HEALTHY] Health check error: timed out
2026-08-24 21:33:17 [HEALTHY] Health check error: timed out
2026-08-24 21:33:20 [HEALTHY] Health check error: timed out
2026-08-24 21:33:22 [HEALTHY] Health check error: timed out
2026-08-24 21:33:25 [HEALTHY] Health check error: timed out
2026-08-24 21:33:27 [HEALTHY] Health check error: timed out
2026-08-24 21:33:30 [HEALTHY] Health check error: timed out
2026-08-24 21:33:30 [HEALTHY] Health check timed out — revisar lifecycle.log
2026-08-24 21:33:37 [BOOT] CATEYE Desktop — PID: 109788
2026-08-24 21:33:37 [BOOT] Frozen: False, Python: 3.14.4, OS: linux
2026-08-24 21:33:37 [BOOT] Backend port: 8000
2026-08-24 21:33:37 [API] Starting API server
2026-08-24 21:33:37 [FRONTEND] Frontend mounted from /home/adriel/projects/Rastro/frontend/dist (routes: 2)
2026-08-24 21:33:37 [API] Server thread started on 127.0.0.1:8000
2026-08-24 21:33:37 [API] Server listening on 127.0.0.1:8000
2026-08-24 21:33:39 [HEALTHY] Health check error: timed out
2026-08-24 21:33:42 [HEALTHY] Health check error: timed out
2026-08-24 21:33:44 [HEALTHY] Health check error: timed out
2026-08-24 21:33:47 [HEALTHY] Health check error: timed out
2026-08-24 21:33:49 [HEALTHY] Health check error: timed out
2026-08-24 21:33:52 [HEALTHY] Health check error: timed out
2026-08-24 21:33:55 [HEALTHY] Health check error: timed out
2026-08-24 21:33:57 [HEALTHY] Health check error: timed out
2026-08-24 21:34:00 [HEALTHY] Health check error: timed out
2026-08-24 21:34:02 [HEALTHY] Health check error: timed out
2026-08-24 21:34:05 [HEALTHY] Health check error: timed out
2026-08-24 21:34:07 [HEALTHY] Health check error: timed out
2026-08-24 21:34:08 [HEALTHY] Health check timed out — revisar lifecycle.log
2026-08-24 21:35:17 [BOOT] CATEYE Desktop — PID: 111171
2026-08-24 21:35:17 [BOOT] Frozen: False, Python: 3.14.4, OS: linux
2026-08-24 21:35:17 [BOOT] Backend port: 8000
2026-08-24 21:35:17 [API] Starting API server
2026-08-24 21:35:17 [FRONTEND] Frontend mounted from /home/adriel/projects/Rastro/frontend/dist (routes: 2)
2026-08-24 21:35:17 [API] Server thread started on 127.0.0.1:8000
2026-08-24 21:35:17 [API] Server listening on 127.0.0.1:8000
2026-08-24 21:35:20 [HEALTHY] Health check error: timed out
2026-08-24 21:35:22 [HEALTHY] Health check error: timed out
2026-08-24 21:35:25 [HEALTHY] Health check error: timed out
2026-08-24 21:35:27 [HEALTHY] Health check error: timed out
2026-08-24 21:35:30 [HEALTHY] Health check error: timed out
2026-08-24 21:35:32 [HEALTHY] Health check error: timed out
2026-08-24 21:35:35 [HEALTHY] Health check error: timed out
2026-08-24 21:35:37 [HEALTHY] Health check error: timed out
2026-08-24 21:35:40 [HEALTHY] Health check error: timed out
2026-08-24 21:35:42 [HEALTHY] Health check error: timed out
2026-08-24 21:35:45 [HEALTHY] Health check error: timed out
2026-08-24 21:35:47 [HEALTHY] Health check error: timed out
2026-08-24 21:35:48 [HEALTHY] Health check timed out — revisar lifecycle.log
2026-08-24 21:35:58 [BOOT] CATEYE Desktop — PID: 112978
2026-08-24 21:35:58 [BOOT] Frozen: False, Python: 3.14.4, OS: linux
2026-08-24 21:35:58 [BOOT] Backend port: 8000
2026-08-24 21:35:58 [API] Starting API server
2026-08-24 21:35:58 [FRONTEND] Frontend mounted from /home/adriel/projects/Rastro/frontend/dist (routes: 2)
2026-08-24 21:35:58 [API] Server thread started on 127.0.0.1:8000
2026-08-24 21:35:58 [API] Server listening on 127.0.0.1:8000
2026-08-24 21:36:00 [HEALTHY] Health check error: timed out
2026-08-24 21:36:02 [HEALTHY] Health check error: timed out
2026-08-24 21:36:05 [HEALTHY] Health check error: timed out
2026-08-24 21:36:08 [HEALTHY] Health check error: timed out
2026-08-24 21:36:10 [HEALTHY] Health check error: timed out
2026-08-24 21:36:13 [HEALTHY] Health check error: timed out
2026-08-24 21:36:15 [HEALTHY] Health check error: timed out
2026-08-24 21:36:18 [HEALTHY] Health check error: timed out
2026-08-24 21:36:20 [HEALTHY] Health check error: timed out
2026-08-24 21:36:23 [HEALTHY] Health check error: timed out
2026-08-24 21:36:25 [HEALTHY] Health check error: timed out
2026-08-24 21:36:28 [HEALTHY] Health check error: timed out
2026-08-24 21:36:28 [HEALTHY] Health check timed out — revisar lifecycle.log
2026-08-24 21:37:00 [BOOT] CATEYE Desktop — PID: 114890
2026-08-24 21:37:00 [BOOT] Frozen: False, Python: 3.14.4, OS: linux
2026-08-24 21:37:00 [BOOT] Backend port: 8000
2026-08-24 21:37:00 [API] Starting API server
2026-08-24 21:37:00 [FRONTEND] Frontend mounted from /home/adriel/projects/Rastro/frontend/dist (routes: 2)
2026-08-24 21:37:00 [API] Server thread started on 127.0.0.1:8000
2026-08-24 21:37:00 [API] Server listening on 127.0.0.1:8000
2026-08-24 21:37:02 [HEALTHY] Health check error: timed out
2026-08-24 21:37:04 [HEALTHY] Health check error: timed out
2026-08-24 21:37:07 [HEALTHY] Health check error: timed out
2026-08-24 21:37:09 [HEALTHY] Health check error: timed out
2026-08-24 21:37:12 [HEALTHY] Health check error: timed out
2026-08-24 21:37:15 [HEALTHY] Health check error: timed out
2026-08-24 21:37:17 [HEALTHY] Health check error: timed out
2026-08-24 21:37:20 [HEALTHY] Health check error: timed out
2026-08-24 21:37:26 [HEALTHY] Health check error: timed out
2026-08-24 21:37:46 [HEALTHY] Health check error: timed out
2026-08-24 21:37:48 [HEALTHY] Health check timed out — revisar lifecycle.log
2026-08-24 21:39:56 [SHUTDOWN] Signal 15 received
2026-08-24 21:39:56 [SHUTDOWN] Signal 15 received
2026-08-24 21:39:56 [SHUTDOWN] Stopping server...
2026-08-24 21:39:57 [SHUTDOWN] CATEYE Desktop stopped
2026-08-24 21:39:58 [SHUTDOWN] Signal 15 received
2026-08-24 21:39:58 [SHUTDOWN] Stopping server...
2026-08-24 22:04:12 [BOOT] CATEYE Desktop — PID: 26822
2026-08-24 22:04:12 [BOOT] Frozen: False, Python: 3.14.4, OS: linux
2026-08-24 22:04:12 [BOOT] Backend port: 8000
2026-08-24 22:04:12 [API] Starting API server
2026-08-24 22:04:12 [FRONTEND] Frontend mounted from /home/adriel/projects/Rastro/frontend/dist (routes: 2)
2026-08-24 22:04:12 [API] Server thread started on 127.0.0.1:8000
2026-08-24 22:04:14 [API] Server listening on 127.0.0.1:8000
2026-08-24 22:04:16 [HEALTHY] Backend healthy on port 8000
2026-08-24 22:04:16 [BOOT] Session — device_id from settings: ADRI-6806b990
2026-08-24 22:04:16 [BOOT] Session — calling manager.authenticate (device=ADRI-6806b990)
2026-08-24 22:04:16 [BOOT] Session — authenticate result keys: ['token', 'refresh', 'device_id', 'user_id', 'existing']
2026-08-24 22:04:16 [BOOT] Session — token obtained: eyJkYXRhIjp7Im1ldGEi...
2026-08-24 22:04:16 [BOOT] Session — stored token check: OK
2026-08-24 22:04:16 [BOOT] Desktop session created (device=ADRI-6806b990)
2026-08-24 22:04:16 [READY] CATEYE Desktop ready (desktop window)
2026-08-24 22:04:16 [BROWSER] Opening desktop window -> http://127.0.0.1:8000/?token=eyJkYXRhIjp7Im1ldGEiOnsiZGVza3RvcCI6dHJ1ZSwiZnJvemVuIjpmYWxzZSwicG9ydCI6ODAwMH0sInN1YiI6IkFEUkktNjgwNmI5OTAifSwiZXhwIjoxNzg3NjkyODE5LCJpYXQiOjE3ODc2MDY0MTl9.1619e572a5c4686091056b2e189c28324b367db21c08807d5fd0b94dfea388aa&device_id=ADRI-6806b990
2026-08-24 22:04:16 [BROWSER] webview.create_window() starting...
2026-08-24 22:04:16 [BROWSER] Desktop window failed ('Window' object has no attribute 'closed'), falling back to browser
2026-08-24 22:04:16 [BOOT] Desktop UI unavailable, browser mode activated.
2026-08-24 22:04:18 [BROWSER] Dashboard opened in browser
2026-08-24 22:04:18 [TRAY] System tray initialized
2026-08-24 22:04:18 [READY] CATEYE Desktop ready (browser fallback)
2026-08-24 22:04:49 [BOOT] CATEYE Desktop — PID: 28133
2026-08-24 22:04:49 [BOOT] Frozen: False, Python: 3.14.4, OS: linux
2026-08-24 22:04:49 [BOOT] Backend port: 8000
2026-08-24 22:04:49 [API] Starting API server
2026-08-24 22:04:49 [FRONTEND] Frontend mounted from /home/adriel/projects/Rastro/frontend/dist (routes: 2)
2026-08-24 22:04:49 [API] Server thread started on 127.0.0.1:8000
2026-08-24 22:04:49 [API] Server listening on 127.0.0.1:8000
2026-08-24 22:04:50 [HEALTHY] Backend healthy on port 8000
2026-08-24 22:04:50 [BOOT] Session — device_id from settings: ADRI-6806b990
2026-08-24 22:04:50 [BOOT] Session — calling manager.authenticate (device=ADRI-6806b990)
2026-08-24 22:04:50 [BOOT] Session — authenticate result keys: ['token', 'refresh', 'device_id', 'user_id', 'existing']
2026-08-24 22:04:50 [BOOT] Session — token obtained: eyJkYXRhIjp7Im1ldGEi...
2026-08-24 22:04:50 [BOOT] Session — stored token check: OK
2026-08-24 22:04:50 [BOOT] Desktop session created (device=ADRI-6806b990)
2026-08-24 22:04:50 [READY] CATEYE Desktop ready (desktop window)
2026-08-24 22:04:50 [BROWSER] Opening desktop window -> http://127.0.0.1:8000/?token=eyJkYXRhIjp7Im1ldGEiOnsiZGVza3RvcCI6dHJ1ZSwiZnJvemVuIjpmYWxzZSwicG9ydCI6ODAwMH0sInN1YiI6IkFEUkktNjgwNmI5OTAifSwiZXhwIjoxNzg3NjkyODE5LCJpYXQiOjE3ODc2MDY0MTl9.1619e572a5c4686091056b2e189c28324b367db21c08807d5fd0b94dfea388aa&device_id=ADRI-6806b990
2026-08-24 22:04:50 [BROWSER] webview.create_window() starting...
2026-08-24 22:04:50 [BROWSER] Desktop window failed ('Window' object has no attribute 'closed'), falling back to browser
2026-08-24 22:04:50 [BOOT] Desktop UI unavailable, browser mode activated.
2026-08-24 22:04:52 [BROWSER] Dashboard opened in browser
2026-08-24 22:04:52 [TRAY] System tray initialized
2026-08-24 22:04:52 [READY] CATEYE Desktop ready (browser fallback)
2026-08-24 22:07:22 [BOOT] CATEYE Desktop — PID: 34375
2026-08-24 22:07:22 [BOOT] Frozen: False, Python: 3.14.4, OS: linux
2026-08-24 22:07:22 [BOOT] Backend port: 8000
2026-08-24 22:07:22 [API] Starting API server
2026-08-24 22:07:22 [FRONTEND] Frontend mounted from /home/adriel/projects/Rastro/frontend/dist (routes: 2)
2026-08-24 22:07:22 [API] Server thread started on 127.0.0.1:8000
2026-08-24 22:07:22 [API] Server listening on 127.0.0.1:8000
2026-08-24 22:07:23 [HEALTHY] Backend healthy on port 8000
2026-08-24 22:07:23 [BOOT] Session — device_id from settings: ADRI-6806b990
2026-08-24 22:07:23 [BOOT] Session — calling manager.authenticate (device=ADRI-6806b990)
2026-08-24 22:07:23 [BOOT] Session — authenticate result keys: ['token', 'refresh', 'device_id', 'user_id', 'existing']
2026-08-24 22:07:23 [BOOT] Session — token obtained: eyJkYXRhIjp7Im1ldGEi...
2026-08-24 22:07:23 [BOOT] Session — stored token check: OK
2026-08-24 22:07:23 [BOOT] Desktop session created (device=ADRI-6806b990)
2026-08-24 22:07:23 [READY] CATEYE Desktop ready (desktop window)
2026-08-24 22:07:23 [BROWSER] Opening desktop window -> http://127.0.0.1:8000/?token=eyJkYXRhIjp7Im1ldGEiOnsiZGVza3RvcCI6dHJ1ZSwiZnJvemVuIjpmYWxzZSwicG9ydCI6ODAwMH0sInN1YiI6IkFEUkktNjgwNmI5OTAifSwiZXhwIjoxNzg3NjkyODE5LCJpYXQiOjE3ODc2MDY0MTl9.1619e572a5c4686091056b2e189c28324b367db21c08807d5fd0b94dfea388aa&device_id=ADRI-6806b990
2026-08-24 22:07:23 [BROWSER] webview.create_window() starting...
2026-08-24 22:07:23 [BROWSER] Desktop window failed ('Window' object has no attribute 'closed'), falling back to browser
2026-08-24 22:07:23 [BOOT] Desktop UI unavailable, browser mode activated.
2026-08-24 22:07:24 [BROWSER] Dashboard opened in browser
2026-08-24 22:07:25 [TRAY] System tray initialized
2026-08-24 22:07:25 [READY] CATEYE Desktop ready (browser fallback)
2026-08-24 22:09:04 [BOOT] CATEYE Desktop — PID: 37656
2026-08-24 22:09:04 [BOOT] Frozen: False, Python: 3.14.4, OS: linux
2026-08-24 22:09:04 [BOOT] Backend port: 8000
2026-08-24 22:09:04 [API] Starting API server
2026-08-24 22:09:04 [FRONTEND] Frontend mounted from /home/adriel/projects/Rastro/frontend/dist (routes: 2)
2026-08-24 22:09:04 [API] Server thread started on 127.0.0.1:8000
2026-08-24 22:09:04 [API] Server listening on 127.0.0.1:8000
2026-08-24 22:09:06 [HEALTHY] Health check error: timed out
2026-08-24 22:09:08 [HEALTHY] Health check error: timed out
2026-08-24 22:09:11 [HEALTHY] Health check error: timed out
2026-08-24 22:09:14 [HEALTHY] Health check error: timed out
2026-08-24 22:09:16 [HEALTHY] Health check error: timed out
2026-08-24 22:09:19 [HEALTHY] Health check error: timed out
2026-08-24 22:09:21 [HEALTHY] Health check error: timed out
2026-08-24 22:09:24 [HEALTHY] Health check error: timed out
2026-08-24 22:09:26 [HEALTHY] Health check error: timed out
2026-08-24 22:09:29 [HEALTHY] Health check error: timed out
2026-08-24 22:09:31 [HEALTHY] Health check error: timed out
2026-08-24 22:09:34 [HEALTHY] Health check error: timed out
2026-08-24 22:09:34 [HEALTHY] Health check timed out — revisar lifecycle.log
2026-08-24 22:10:30 [BOOT] CATEYE Desktop — PID: 40926
2026-08-24 22:10:30 [BOOT] Frozen: False, Python: 3.14.4, OS: linux
2026-08-24 22:10:30 [BOOT] Backend port: 8000
2026-08-24 22:10:30 [API] Starting API server
2026-08-24 22:10:30 [FRONTEND] Frontend mounted from /home/adriel/projects/Rastro/frontend/dist (routes: 2)
2026-08-24 22:10:30 [API] Server thread started on 127.0.0.1:8000
2026-08-24 22:10:30 [API] Server listening on 127.0.0.1:8000
2026-08-24 22:10:32 [HEALTHY] Health check error: timed out
2026-08-24 22:10:34 [HEALTHY] Health check error: timed out
2026-08-24 22:10:37 [HEALTHY] Health check error: timed out
2026-08-24 22:10:39 [HEALTHY] Health check error: timed out
2026-08-24 22:10:42 [HEALTHY] Health check error: timed out
2026-08-24 22:10:44 [HEALTHY] Health check error: timed out
2026-08-24 22:10:47 [HEALTHY] Health check error: timed out
2026-08-24 22:10:49 [HEALTHY] Health check error: timed out
2026-08-24 22:10:52 [HEALTHY] Health check error: timed out
2026-08-24 22:10:54 [HEALTHY] Health check error: timed out
2026-08-24 22:10:57 [HEALTHY] Health check error: timed out
2026-08-24 22:10:59 [HEALTHY] Health check error: timed out
2026-08-24 22:11:00 [HEALTHY] Health check timed out — revisar lifecycle.log
2026-08-24 22:21:27 [BOOT] CATEYE Desktop — PID: 18257
2026-08-24 22:21:27 [BOOT] Frozen: False, Python: 3.14.4, OS: linux
2026-08-24 22:21:27 [BOOT] Backend port: 8000
2026-08-24 22:21:27 [API] Starting API server
2026-08-24 22:21:27 [FRONTEND] Frontend mounted from /home/adriel/projects/Rastro/frontend/dist (routes: 2)
2026-08-24 22:21:27 [API] Server thread started on 127.0.0.1:8000
2026-08-24 22:21:28 [API] Server listening on 127.0.0.1:8000
2026-08-24 22:21:30 [HEALTHY] Backend healthy on port 8000
2026-08-24 22:21:30 [BOOT] Session — device_id from settings: ADRI-6806b990
2026-08-24 22:21:30 [BOOT] Session — calling manager.authenticate (device=ADRI-6806b990)
2026-08-24 22:21:30 [BOOT] Session — authenticate result keys: ['token', 'refresh', 'device_id', 'user_id', 'existing']
2026-08-24 22:21:30 [BOOT] Session — token obtained: eyJkYXRhIjp7Im1ldGEi...
2026-08-24 22:21:30 [BOOT] Session — stored token check: OK
2026-08-24 22:21:30 [BOOT] Desktop session created (device=ADRI-6806b990)
2026-08-24 22:21:30 [READY] CATEYE Desktop ready (desktop window)
2026-08-24 22:21:30 [BROWSER] Opening desktop window -> http://127.0.0.1:8000/?token=eyJkYXRhIjp7Im1ldGEiOnsiZGVza3RvcCI6dHJ1ZSwiZnJvemVuIjpmYWxzZSwicG9ydCI6ODAwMH0sInN1YiI6IkFEUkktNjgwNmI5OTAifSwiZXhwIjoxNzg3NjkyODE5LCJpYXQiOjE3ODc2MDY0MTl9.1619e572a5c4686091056b2e189c28324b367db21c08807d5fd0b94dfea388aa&device_id=ADRI-6806b990
2026-08-24 22:21:30 [BROWSER] webview.create_window() starting...
2026-08-24 22:21:30 [BROWSER] Desktop window failed ('Window' object has no attribute 'closed'), falling back to browser
2026-08-24 22:21:30 [BOOT] Desktop UI unavailable, browser mode activated.
2026-08-24 22:21:32 [BROWSER] Dashboard opened in browser
2026-08-24 22:21:32 [TRAY] System tray initialized
2026-08-24 22:21:32 [READY] CATEYE Desktop ready (browser fallback)
2026-08-24 22:24:35 [BOOT] CATEYE Desktop — PID: 23302
2026-08-24 22:24:35 [BOOT] Frozen: False, Python: 3.14.4, OS: linux
2026-08-24 22:24:35 [BOOT] Backend port: 8000
2026-08-24 22:24:35 [API] Starting API server
2026-08-24 22:24:35 [FRONTEND] Frontend mounted from /home/adriel/projects/Rastro/frontend/dist (routes: 2)
2026-08-24 22:24:35 [API] Server thread started on 127.0.0.1:8000
2026-08-24 22:24:35 [API] Server listening on 127.0.0.1:8000
2026-08-24 22:24:37 [HEALTHY] Health check error: timed out
2026-08-24 22:24:40 [HEALTHY] Health check error: timed out
2026-08-24 22:24:42 [HEALTHY] Health check error: timed out
2026-08-24 22:24:45 [HEALTHY] Health check error: timed out
2026-08-24 22:24:47 [HEALTHY] Health check error: timed out
2026-08-24 22:24:50 [HEALTHY] Health check error: timed out
2026-08-24 22:24:53 [HEALTHY] Health check error: timed out
2026-08-24 22:24:55 [HEALTHY] Health check error: timed out
2026-08-24 22:24:58 [HEALTHY] Health check error: timed out
2026-08-24 22:25:00 [HEALTHY] Health check error: timed out
2026-08-24 22:25:03 [HEALTHY] Health check error: timed out
2026-08-24 22:25:05 [HEALTHY] Health check error: timed out
2026-08-24 22:25:06 [HEALTHY] Health check timed out — revisar lifecycle.log
2026-08-24 22:25:54 [BOOT] CATEYE Desktop — PID: 25619
2026-08-24 22:25:54 [BOOT] Frozen: False, Python: 3.14.4, OS: linux
2026-08-24 22:25:54 [BOOT] Backend port: 8000
2026-08-24 22:25:54 [API] Starting API server
2026-08-24 22:25:54 [FRONTEND] Frontend mounted from /home/adriel/projects/Rastro/frontend/dist (routes: 2)
2026-08-24 22:25:54 [API] Server thread started on 127.0.0.1:8000
2026-08-24 22:25:54 [API] Server listening on 127.0.0.1:8000
2026-08-24 22:25:56 [HEALTHY] Health check error: timed out
2026-08-24 22:25:59 [HEALTHY] Health check error: timed out
2026-08-24 22:26:01 [HEALTHY] Health check error: timed out
2026-08-24 22:26:04 [HEALTHY] Health check error: timed out
2026-08-24 22:26:06 [HEALTHY] Health check error: timed out
2026-08-24 22:26:09 [HEALTHY] Health check error: timed out
2026-08-24 22:26:11 [HEALTHY] Health check error: timed out
2026-08-24 22:26:14 [HEALTHY] Health check error: timed out
2026-08-24 22:26:16 [HEALTHY] Health check error: timed out
2026-08-24 22:26:19 [HEALTHY] Health check error: timed out
2026-08-24 22:26:22 [HEALTHY] Health check error: timed out
2026-08-24 22:26:24 [HEALTHY] Health check error: timed out
2026-08-24 22:26:25 [HEALTHY] Health check timed out — revisar lifecycle.log
2026-08-24 22:29:39 [BOOT] CATEYE Desktop — PID: 32165
2026-08-24 22:29:39 [BOOT] Frozen: False, Python: 3.14.4, OS: linux
2026-08-24 22:29:39 [BOOT] Backend port: 8000
2026-08-24 22:29:39 [API] Starting API server
2026-08-24 22:29:39 [FRONTEND] Frontend mounted from /home/adriel/projects/Rastro/frontend/dist (routes: 2)
2026-08-24 22:29:39 [API] Server thread started on 127.0.0.1:8000
2026-08-24 22:29:39 [API] Server listening on 127.0.0.1:8000
2026-08-24 22:29:39 [HEALTHY] Backend healthy on port 8000
2026-08-24 22:29:39 [BOOT] Session — device_id from settings: ADRI-6806b990
2026-08-24 22:29:39 [BOOT] Session — calling manager.authenticate (device=ADRI-6806b990)
2026-08-24 22:29:39 [BOOT] Session — authenticate result keys: ['token', 'refresh', 'device_id', 'user_id', 'existing']
2026-08-24 22:29:39 [BOOT] Session — token obtained: eyJkYXRhIjp7Im1ldGEi...
2026-08-24 22:29:39 [BOOT] Session — stored token check: OK
2026-08-24 22:29:39 [BOOT] Desktop session created (device=ADRI-6806b990)
2026-08-24 22:29:39 [READY] CATEYE Desktop ready (desktop window)
2026-08-24 22:29:39 [BROWSER] Opening desktop window -> http://127.0.0.1:8000/?token=eyJkYXRhIjp7Im1ldGEiOnsiZGVza3RvcCI6dHJ1ZSwiZnJvemVuIjpmYWxzZSwicG9ydCI6ODAwMH0sInN1YiI6IkFEUkktNjgwNmI5OTAifSwiZXhwIjoxNzg3NjkyODE5LCJpYXQiOjE3ODc2MDY0MTl9.1619e572a5c4686091056b2e189c28324b367db21c08807d5fd0b94dfea388aa&device_id=ADRI-6806b990
2026-08-24 22:29:39 [BROWSER] webview.create_window() starting...
2026-08-24 22:29:39 [BROWSER] Desktop window failed ('Window' object has no attribute 'closed'), falling back to browser
2026-08-24 22:29:39 [BOOT] Desktop UI unavailable, browser mode activated.
2026-08-24 22:29:41 [BROWSER] Dashboard opened in browser
2026-08-24 22:29:41 [TRAY] System tray initialized
2026-08-24 22:29:41 [READY] CATEYE Desktop ready (browser fallback)
2026-08-24 22:32:55 [BOOT] CATEYE Desktop — PID: 37632
2026-08-24 22:32:55 [BOOT] Frozen: False, Python: 3.14.4, OS: linux
2026-08-24 22:32:55 [BOOT] Backend port: 8000
2026-08-24 22:32:55 [API] Starting API server
2026-08-24 22:32:55 [FRONTEND] Frontend mounted from /home/adriel/projects/Rastro/frontend/dist (routes: 2)
2026-08-24 22:32:55 [API] Server thread started on 127.0.0.1:8000
2026-08-24 22:32:55 [API] Server listening on 127.0.0.1:8000
2026-08-24 22:32:55 [HEALTHY] Backend healthy on port 8000
2026-08-24 22:32:55 [BOOT] Session — device_id from settings: ADRI-6806b990
2026-08-24 22:32:55 [BOOT] Session — calling manager.authenticate (device=ADRI-6806b990)
2026-08-24 22:32:55 [BOOT] Session — authenticate result keys: ['token', 'refresh', 'device_id', 'user_id', 'existing']
2026-08-24 22:32:55 [BOOT] Session — token obtained: eyJkYXRhIjp7Im1ldGEi...
2026-08-24 22:32:55 [BOOT] Session — stored token check: OK
2026-08-24 22:32:55 [BOOT] Desktop session created (device=ADRI-6806b990)
2026-08-24 22:32:55 [READY] CATEYE Desktop ready (desktop window)
2026-08-24 22:32:55 [BROWSER] Opening desktop window -> http://127.0.0.1:8000/?token=eyJkYXRhIjp7Im1ldGEiOnsiZGVza3RvcCI6dHJ1ZSwiZnJvemVuIjpmYWxzZSwicG9ydCI6ODAwMH0sInN1YiI6IkFEUkktNjgwNmI5OTAifSwiZXhwIjoxNzg3NjkyODE5LCJpYXQiOjE3ODc2MDY0MTl9.1619e572a5c4686091056b2e189c28324b367db21c08807d5fd0b94dfea388aa&device_id=ADRI-6806b990
2026-08-24 22:32:55 [BROWSER] webview.create_window() starting...
2026-08-24 22:32:55 [BROWSER] Desktop window failed ('Window' object has no attribute 'closed'), falling back to browser
2026-08-24 22:32:55 [BOOT] Desktop UI unavailable, browser mode activated.
2026-08-24 22:32:57 [BROWSER] Dashboard opened in browser
2026-08-24 22:32:57 [TRAY] System tray initialized
2026-08-24 22:32:57 [READY] CATEYE Desktop ready (browser fallback)
2026-08-24 22:36:14 [BOOT] CATEYE Desktop — PID: 43728
2026-08-24 22:36:14 [BOOT] Frozen: False, Python: 3.14.4, OS: linux
2026-08-24 22:36:14 [BOOT] Backend port: 8000
2026-08-24 22:36:14 [API] Starting API server
2026-08-24 22:36:14 [FRONTEND] Frontend mounted from /home/adriel/projects/Rastro/frontend/dist (routes: 2)
2026-08-24 22:36:14 [API] Server thread started on 127.0.0.1:8000
2026-08-24 22:36:14 [API] Server listening on 127.0.0.1:8000
2026-08-24 22:36:14 [HEALTHY] Backend healthy on port 8000
2026-08-24 22:36:14 [BOOT] Session — device_id from settings: ADRI-6806b990
2026-08-24 22:36:14 [BOOT] Session — calling manager.authenticate (device=ADRI-6806b990)
2026-08-24 22:36:14 [BOOT] Session — authenticate result keys: ['token', 'refresh', 'device_id', 'user_id', 'existing']
2026-08-24 22:36:14 [BOOT] Session — token obtained: eyJkYXRhIjp7Im1ldGEi...
2026-08-24 22:36:14 [BOOT] Session — stored token check: OK
2026-08-24 22:36:14 [BOOT] Desktop session created (device=ADRI-6806b990)
2026-08-24 22:36:14 [READY] CATEYE Desktop ready (desktop window)
2026-08-24 22:36:14 [BROWSER] Opening desktop window -> http://127.0.0.1:8000/?token=eyJkYXRhIjp7Im1ldGEiOnsiZGVza3RvcCI6dHJ1ZSwiZnJvemVuIjpmYWxzZSwicG9ydCI6ODAwMH0sInN1YiI6IkFEUkktNjgwNmI5OTAifSwiZXhwIjoxNzg3NjkyODE5LCJpYXQiOjE3ODc2MDY0MTl9.1619e572a5c4686091056b2e189c28324b367db21c08807d5fd0b94dfea388aa&device_id=ADRI-6806b990
2026-08-24 22:36:14 [BROWSER] webview.create_window() starting...
2026-08-24 22:36:14 [BROWSER] Desktop window failed ('Window' object has no attribute 'closed'), falling back to browser
2026-08-24 22:36:14 [BOOT] Desktop UI unavailable, browser mode activated.
2026-08-24 22:36:16 [BROWSER] Dashboard opened in browser
2026-08-24 22:36:16 [TRAY] System tray initialized
2026-08-24 22:36:16 [READY] CATEYE Desktop ready (browser fallback)
2026-08-24 22:39:12 [BOOT] CATEYE Desktop — PID: 48751
2026-08-24 22:39:12 [BOOT] Frozen: False, Python: 3.14.4, OS: linux
2026-08-24 22:39:12 [BOOT] Backend port: 8000
2026-08-24 22:39:12 [API] Starting API server
2026-08-24 22:39:12 [FRONTEND] Frontend mounted from /home/adriel/projects/Rastro/frontend/dist (routes: 2)
2026-08-24 22:39:12 [API] Server thread started on 127.0.0.1:8000
2026-08-24 22:39:12 [API] Server listening on 127.0.0.1:8000
2026-08-24 22:39:12 [HEALTHY] Backend healthy on port 8000
2026-08-24 22:39:12 [BOOT] Session — device_id from settings: ADRI-6806b990
2026-08-24 22:39:12 [BOOT] Session — calling manager.authenticate (device=ADRI-6806b990)
2026-08-24 22:39:12 [BOOT] Session — authenticate result keys: ['token', 'refresh', 'device_id', 'user_id', 'existing']
2026-08-24 22:39:12 [BOOT] Session — token obtained: eyJkYXRhIjp7Im1ldGEi...
2026-08-24 22:39:12 [BOOT] Session — stored token check: OK
2026-08-24 22:39:12 [BOOT] Desktop session created (device=ADRI-6806b990)
2026-08-24 22:39:12 [READY] CATEYE Desktop ready (desktop window)
2026-08-24 22:39:12 [BROWSER] Opening desktop window -> http://127.0.0.1:8000/?token=eyJkYXRhIjp7Im1ldGEiOnsiZGVza3RvcCI6dHJ1ZSwiZnJvemVuIjpmYWxzZSwicG9ydCI6ODAwMH0sInN1YiI6IkFEUkktNjgwNmI5OTAifSwiZXhwIjoxNzg3NjkyODE5LCJpYXQiOjE3ODc2MDY0MTl9.1619e572a5c4686091056b2e189c28324b367db21c08807d5fd0b94dfea388aa&device_id=ADRI-6806b990
2026-08-24 22:39:12 [BROWSER] webview.create_window() starting...
2026-08-24 22:39:12 [BROWSER] Desktop window failed ('Window' object has no attribute 'closed'), falling back to browser
2026-08-24 22:39:12 [BOOT] Desktop UI unavailable, browser mode activated.
2026-08-24 22:39:14 [BROWSER] Dashboard opened in browser
2026-08-24 22:39:14 [TRAY] System tray initialized
2026-08-24 22:39:14 [READY] CATEYE Desktop ready (browser fallback)
2026-08-24 22:42:01 [BOOT] CATEYE Desktop — PID: 54472
2026-08-24 22:42:01 [BOOT] Frozen: False, Python: 3.14.4, OS: linux
2026-08-24 22:42:01 [BOOT] Backend port: 8000
2026-08-24 22:42:01 [API] Starting API server
2026-08-24 22:42:01 [FRONTEND] Frontend mounted from /home/adriel/projects/Rastro/frontend/dist (routes: 2)
2026-08-24 22:42:01 [API] Server thread started on 127.0.0.1:8000
2026-08-24 22:42:01 [API] Server listening on 127.0.0.1:8000
2026-08-24 22:42:01 [HEALTHY] Backend healthy on port 8000
2026-08-24 22:42:01 [BOOT] Session — device_id from settings: ADRI-6806b990
2026-08-24 22:42:01 [BOOT] Session — calling manager.authenticate (device=ADRI-6806b990)
2026-08-24 22:42:01 [BOOT] Session — authenticate result keys: ['token', 'refresh', 'device_id', 'user_id', 'existing']
2026-08-24 22:42:01 [BOOT] Session — token obtained: eyJkYXRhIjp7Im1ldGEi...
2026-08-24 22:42:01 [BOOT] Session — stored token check: OK
2026-08-24 22:42:01 [BOOT] Desktop session created (device=ADRI-6806b990)
2026-08-24 22:42:01 [READY] CATEYE Desktop ready (desktop window)
2026-08-24 22:42:01 [BROWSER] Opening desktop window -> http://127.0.0.1:8000/?token=eyJkYXRhIjp7Im1ldGEiOnsiZGVza3RvcCI6dHJ1ZSwiZnJvemVuIjpmYWxzZSwicG9ydCI6ODAwMH0sInN1YiI6IkFEUkktNjgwNmI5OTAifSwiZXhwIjoxNzg3NjkyODE5LCJpYXQiOjE3ODc2MDY0MTl9.1619e572a5c4686091056b2e189c28324b367db21c08807d5fd0b94dfea388aa&device_id=ADRI-6806b990
2026-08-24 22:42:01 [BROWSER] webview.create_window() starting...
2026-08-24 22:42:01 [BROWSER] Desktop window failed ('Window' object has no attribute 'closed'), falling back to browser
2026-08-24 22:42:01 [BOOT] Desktop UI unavailable, browser mode activated.
2026-08-24 22:42:03 [BROWSER] Dashboard opened in browser
2026-08-24 22:42:03 [TRAY] System tray initialized
2026-08-24 22:42:03 [READY] CATEYE Desktop ready (browser fallback)
2026-08-24 22:44:47 [BOOT] CATEYE Desktop — PID: 61186
2026-08-24 22:44:47 [BOOT] Frozen: False, Python: 3.14.4, OS: linux
2026-08-24 22:44:47 [BOOT] Backend port: 8000
2026-08-24 22:44:47 [API] Starting API server
2026-08-24 22:44:47 [FRONTEND] Frontend mounted from /home/adriel/projects/Rastro/frontend/dist (routes: 2)
2026-08-24 22:44:47 [API] Server thread started on 127.0.0.1:8000
2026-08-24 22:44:47 [API] Server listening on 127.0.0.1:8000
2026-08-24 22:44:48 [HEALTHY] Backend healthy on port 8000
2026-08-24 22:44:48 [BOOT] Session — device_id from settings: ADRI-6806b990
2026-08-24 22:44:48 [BOOT] Session — calling manager.authenticate (device=ADRI-6806b990)
2026-08-24 22:44:48 [BOOT] Session — authenticate result keys: ['token', 'refresh', 'device_id', 'user_id', 'existing']
2026-08-24 22:44:48 [BOOT] Session — token obtained: eyJkYXRhIjp7Im1ldGEi...
2026-08-24 22:44:48 [BOOT] Session — stored token check: OK
2026-08-24 22:44:48 [BOOT] Desktop session created (device=ADRI-6806b990)
2026-08-24 22:44:48 [READY] CATEYE Desktop ready (desktop window)
2026-08-24 22:44:48 [BROWSER] Opening desktop window -> http://127.0.0.1:8000/?token=eyJkYXRhIjp7Im1ldGEiOnsiZGVza3RvcCI6dHJ1ZSwiZnJvemVuIjpmYWxzZSwicG9ydCI6ODAwMH0sInN1YiI6IkFEUkktNjgwNmI5OTAifSwiZXhwIjoxNzg3NjkyODE5LCJpYXQiOjE3ODc2MDY0MTl9.1619e572a5c4686091056b2e189c28324b367db21c08807d5fd0b94dfea388aa&device_id=ADRI-6806b990
2026-08-24 22:44:48 [BROWSER] webview.create_window() starting...
2026-08-24 22:44:48 [BROWSER] Desktop window failed ('Window' object has no attribute 'closed'), falling back to browser
2026-08-24 22:44:48 [BOOT] Desktop UI unavailable, browser mode activated.
2026-08-24 22:44:49 [BROWSER] Dashboard opened in browser
2026-08-24 22:44:50 [TRAY] System tray initialized
2026-08-24 22:44:50 [READY] CATEYE Desktop ready (browser fallback)
2026-08-24 22:47:41 [BOOT] CATEYE Desktop — PID: 69115
2026-08-24 22:47:41 [BOOT] Frozen: False, Python: 3.14.4, OS: linux
2026-08-24 22:47:41 [BOOT] Backend port: 8000
2026-08-24 22:47:41 [API] Starting API server
2026-08-24 22:47:41 [FRONTEND] Frontend mounted from /home/adriel/projects/Rastro/frontend/dist (routes: 2)
2026-08-24 22:47:41 [API] Server thread started on 127.0.0.1:8000
2026-08-24 22:47:41 [API] Server listening on 127.0.0.1:8000
2026-08-24 22:47:41 [HEALTHY] Backend healthy on port 8000
2026-08-24 22:47:41 [BOOT] Session — device_id from settings: ADRI-6806b990
2026-08-24 22:47:41 [BOOT] Session — calling manager.authenticate (device=ADRI-6806b990)
2026-08-24 22:47:41 [BOOT] Session — authenticate result keys: ['token', 'refresh', 'device_id', 'user_id', 'existing']
2026-08-24 22:47:41 [BOOT] Session — token obtained: eyJkYXRhIjp7Im1ldGEi...
2026-08-24 22:47:41 [BOOT] Session — stored token check: OK
2026-08-24 22:47:41 [BOOT] Desktop session created (device=ADRI-6806b990)
2026-08-24 22:47:41 [READY] CATEYE Desktop ready (desktop window)
2026-08-24 22:47:41 [BROWSER] Opening desktop window -> http://127.0.0.1:8000/?token=eyJkYXRhIjp7Im1ldGEiOnsiZGVza3RvcCI6dHJ1ZSwiZnJvemVuIjpmYWxzZSwicG9ydCI6ODAwMH0sInN1YiI6IkFEUkktNjgwNmI5OTAifSwiZXhwIjoxNzg3NjkyODE5LCJpYXQiOjE3ODc2MDY0MTl9.1619e572a5c4686091056b2e189c28324b367db21c08807d5fd0b94dfea388aa&device_id=ADRI-6806b990
2026-08-24 22:47:41 [BROWSER] webview.create_window() starting...
2026-08-24 22:47:41 [BROWSER] Desktop window failed ('Window' object has no attribute 'closed'), falling back to browser
2026-08-24 22:47:41 [BOOT] Desktop UI unavailable, browser mode activated.
2026-08-24 22:47:43 [BROWSER] Dashboard opened in browser
2026-08-24 22:47:44 [TRAY] System tray initialized
2026-08-24 22:47:44 [READY] CATEYE Desktop ready (browser fallback)
2026-08-24 22:50:25 [BOOT] CATEYE Desktop — PID: 75510
2026-08-24 22:50:25 [BOOT] Frozen: False, Python: 3.14.4, OS: linux
2026-08-24 22:50:25 [BOOT] Backend port: 8000
2026-08-24 22:50:25 [API] Starting API server
2026-08-24 22:50:25 [FRONTEND] Frontend mounted from /home/adriel/projects/Rastro/frontend/dist (routes: 2)
2026-08-24 22:50:25 [API] Server thread started on 127.0.0.1:8000
2026-08-24 22:50:25 [API] Server listening on 127.0.0.1:8000
2026-08-24 22:50:25 [HEALTHY] Backend healthy on port 8000
2026-08-24 22:50:25 [BOOT] Session — device_id from settings: ADRI-6806b990
2026-08-24 22:50:25 [BOOT] Session — calling manager.authenticate (device=ADRI-6806b990)
2026-08-24 22:50:25 [BOOT] Session — authenticate result keys: ['token', 'refresh', 'device_id', 'user_id', 'existing']
2026-08-24 22:50:25 [BOOT] Session — token obtained: eyJkYXRhIjp7Im1ldGEi...
2026-08-24 22:50:25 [BOOT] Session — stored token check: OK
2026-08-24 22:50:25 [BOOT] Desktop session created (device=ADRI-6806b990)
2026-08-24 22:50:25 [READY] CATEYE Desktop ready (desktop window)
2026-08-24 22:50:25 [BROWSER] Opening desktop window -> http://127.0.0.1:8000/?token=eyJkYXRhIjp7Im1ldGEiOnsiZGVza3RvcCI6dHJ1ZSwiZnJvemVuIjpmYWxzZSwicG9ydCI6ODAwMH0sInN1YiI6IkFEUkktNjgwNmI5OTAifSwiZXhwIjoxNzg3NjkyODE5LCJpYXQiOjE3ODc2MDY0MTl9.1619e572a5c4686091056b2e189c28324b367db21c08807d5fd0b94dfea388aa&device_id=ADRI-6806b990
2026-08-24 22:50:25 [BROWSER] webview.create_window() starting...
2026-08-24 22:50:25 [BROWSER] Desktop window failed ('Window' object has no attribute 'closed'), falling back to browser
2026-08-24 22:50:25 [BOOT] Desktop UI unavailable, browser mode activated.
2026-08-24 22:50:27 [BROWSER] Dashboard opened in browser
2026-08-24 22:50:27 [TRAY] System tray initialized
2026-08-24 22:50:27 [READY] CATEYE Desktop ready (browser fallback)
2026-08-24 22:52:27 [SHUTDOWN] Signal 15 received
2026-08-24 22:52:27 [SHUTDOWN] Signal 15 received
2026-08-24 22:52:27 [SHUTDOWN] Stopping server...
2026-08-24 22:52:27 [SHUTDOWN] Stopping server...
2026-08-24 22:52:27 [SHUTDOWN] Signal 15 received
2026-08-24 22:52:27 [SHUTDOWN] Stopping server...
2026-08-24 22:52:27 [SHUTDOWN] Signal 15 received
2026-08-24 22:52:27 [SHUTDOWN] Signal 15 received
2026-08-24 22:52:27 [SHUTDOWN] Stopping server...
2026-08-24 22:52:27 [SHUTDOWN] Stopping server...
2026-08-24 22:52:27 [SHUTDOWN] Signal 15 received
2026-08-24 22:52:27 [SHUTDOWN] Stopping server...
2026-08-24 22:52:27 [SHUTDOWN] CATEYE Desktop stopped
2026-08-24 22:52:27 [SHUTDOWN] CATEYE Desktop stopped
2026-08-24 22:52:27 [SHUTDOWN] CATEYE Desktop stopped
2026-08-24 22:52:27 [SHUTDOWN] CATEYE Desktop stopped
2026-08-24 22:52:27 [SHUTDOWN] CATEYE Desktop stopped
2026-08-24 22:52:27 [SHUTDOWN] CATEYE Desktop stopped
2026-08-24 22:52:27 [SHUTDOWN] Signal 15 received
2026-08-24 22:52:27 [SHUTDOWN] Stopping server...
2026-08-24 22:52:27 [SHUTDOWN] Signal 15 received
2026-08-24 22:52:27 [SHUTDOWN] Stopping server...
2026-08-24 22:52:27 [SHUTDOWN] Signal 15 received
2026-08-24 22:52:27 [SHUTDOWN] Stopping server...
2026-08-24 22:52:27 [SHUTDOWN] CATEYE Desktop stopped
2026-08-24 22:52:27 [SHUTDOWN] CATEYE Desktop stopped
2026-08-24 22:52:27 [SHUTDOWN] CATEYE Desktop stopped
2026-08-25 00:38:18 [BOOT] CATEYE Desktop — PID: 196131
2026-08-25 00:38:18 [BOOT] Frozen: False, Python: 3.14.4, OS: linux
2026-08-25 00:38:18 [BOOT] Backend port: 8000
2026-08-25 00:38:18 [API] Starting API server
2026-08-25 00:38:18 [FRONTEND] Frontend mounted from /home/adriel/projects/Rastro/frontend/dist (routes: 2)
2026-08-25 00:38:18 [API] Server thread started on 127.0.0.1:8000
2026-08-25 00:38:19 [API] Server listening on 127.0.0.1:8000
2026-08-25 00:38:21 [HEALTHY] Backend healthy on port 8000
2026-08-25 00:38:21 [BOOT] Session — device_id from settings: ADRI-6806b990
2026-08-25 00:38:21 [BOOT] Session — calling manager.authenticate (device=ADRI-6806b990)
2026-08-25 00:38:21 [BOOT] Session — authenticate result keys: ['token', 'refresh', 'device_id', 'user_id', 'existing']
2026-08-25 00:38:21 [BOOT] Session — token obtained: eyJkYXRhIjp7Im1ldGEi...
2026-08-25 00:38:21 [BOOT] Session — stored token check: OK
2026-08-25 00:38:21 [BOOT] Desktop session created (device=ADRI-6806b990)
2026-08-25 00:38:21 [READY] CATEYE Desktop ready (desktop window)
2026-08-25 00:38:21 [BROWSER] Opening desktop window -> http://127.0.0.1:8000/?token=eyJkYXRhIjp7Im1ldGEiOnsiZGVza3RvcCI6dHJ1ZSwiZnJvemVuIjpmYWxzZSwicG9ydCI6ODAwMH0sInN1YiI6IkFEUkktNjgwNmI5OTAifSwiZXhwIjoxNzg3NjkyODE5LCJpYXQiOjE3ODc2MDY0MTl9.1619e572a5c4686091056b2e189c28324b367db21c08807d5fd0b94dfea388aa&device_id=ADRI-6806b990
2026-08-25 00:38:21 [BROWSER] webview.create_window() starting...
2026-08-25 00:38:21 [BROWSER] Desktop window failed ('Window' object has no attribute 'closed'), falling back to browser
2026-08-25 00:38:21 [BOOT] Desktop UI unavailable, browser mode activated.
2026-08-25 00:38:23 [BROWSER] Dashboard opened in browser
2026-08-25 00:38:23 [TRAY] System tray initialized
2026-08-25 00:38:23 [READY] CATEYE Desktop ready (browser fallback)
2026-08-25 00:38:52 [BOOT] CATEYE Desktop — PID: 197396
2026-08-25 00:38:52 [BOOT] Frozen: False, Python: 3.14.4, OS: linux
2026-08-25 00:38:52 [BOOT] Backend port: 8000
2026-08-25 00:38:52 [API] Starting API server
2026-08-25 00:38:52 [FRONTEND] Frontend mounted from /home/adriel/projects/Rastro/frontend/dist (routes: 2)
2026-08-25 00:38:52 [API] Server thread started on 127.0.0.1:8000
2026-08-25 00:38:52 [API] Server listening on 127.0.0.1:8000
2026-08-25 00:38:52 [HEALTHY] Backend healthy on port 8000
2026-08-25 00:38:52 [BOOT] Session — device_id from settings: ADRI-6806b990
2026-08-25 00:38:52 [BOOT] Session — calling manager.authenticate (device=ADRI-6806b990)
2026-08-25 00:38:52 [BOOT] Session — authenticate result keys: ['token', 'refresh', 'device_id', 'user_id', 'existing']
2026-08-25 00:38:52 [BOOT] Session — token obtained: eyJkYXRhIjp7Im1ldGEi...
2026-08-25 00:38:52 [BOOT] Session — stored token check: OK
2026-08-25 00:38:52 [BOOT] Desktop session created (device=ADRI-6806b990)
2026-08-25 00:38:52 [READY] CATEYE Desktop ready (desktop window)
2026-08-25 00:38:52 [BROWSER] Opening desktop window -> http://127.0.0.1:8000/?token=eyJkYXRhIjp7Im1ldGEiOnsiZGVza3RvcCI6dHJ1ZSwiZnJvemVuIjpmYWxzZSwicG9ydCI6ODAwMH0sInN1YiI6IkFEUkktNjgwNmI5OTAifSwiZXhwIjoxNzg3NjkyODE5LCJpYXQiOjE3ODc2MDY0MTl9.1619e572a5c4686091056b2e189c28324b367db21c08807d5fd0b94dfea388aa&device_id=ADRI-6806b990
2026-08-25 00:38:52 [BROWSER] webview.create_window() starting...
2026-08-25 00:38:52 [BROWSER] Desktop window failed ('Window' object has no attribute 'closed'), falling back to browser
2026-08-25 00:38:52 [BOOT] Desktop UI unavailable, browser mode activated.
2026-08-25 00:38:54 [BROWSER] Dashboard opened in browser
2026-08-25 00:38:55 [TRAY] System tray initialized
2026-08-25 00:38:55 [READY] CATEYE Desktop ready (browser fallback)
2026-08-25 00:42:04 [BOOT] CATEYE Desktop — PID: 205251
2026-08-25 00:42:04 [BOOT] Frozen: False, Python: 3.14.4, OS: linux
2026-08-25 00:42:04 [BOOT] Backend port: 8000
2026-08-25 00:42:04 [API] Starting API server
2026-08-25 00:42:04 [FRONTEND] Frontend mounted from /home/adriel/projects/Rastro/frontend/dist (routes: 2)
2026-08-25 00:42:04 [API] Server thread started on 127.0.0.1:8000
2026-08-25 00:42:04 [API] Server listening on 127.0.0.1:8000
2026-08-25 00:42:04 [HEALTHY] Backend healthy on port 8000
2026-08-25 00:42:04 [BOOT] Session — device_id from settings: ADRI-6806b990
2026-08-25 00:42:04 [BOOT] Session — calling manager.authenticate (device=ADRI-6806b990)
2026-08-25 00:42:04 [BOOT] Session — authenticate result keys: ['token', 'refresh', 'device_id', 'user_id', 'existing']
2026-08-25 00:42:04 [BOOT] Session — token obtained: eyJkYXRhIjp7Im1ldGEi...
2026-08-25 00:42:04 [BOOT] Session — stored token check: OK
2026-08-25 00:42:04 [BOOT] Desktop session created (device=ADRI-6806b990)
2026-08-25 00:42:04 [READY] CATEYE Desktop ready (desktop window)
2026-08-25 00:42:04 [BROWSER] Opening desktop window -> http://127.0.0.1:8000/?token=eyJkYXRhIjp7Im1ldGEiOnsiZGVza3RvcCI6dHJ1ZSwiZnJvemVuIjpmYWxzZSwicG9ydCI6ODAwMH0sInN1YiI6IkFEUkktNjgwNmI5OTAifSwiZXhwIjoxNzg3NjkyODE5LCJpYXQiOjE3ODc2MDY0MTl9.1619e572a5c4686091056b2e189c28324b367db21c08807d5fd0b94dfea388aa&device_id=ADRI-6806b990
2026-08-25 00:42:04 [BROWSER] webview.create_window() starting...
2026-08-25 00:42:04 [BROWSER] Desktop window failed ('Window' object has no attribute 'closed'), falling back to browser
2026-08-25 00:42:04 [BOOT] Desktop UI unavailable, browser mode activated.
2026-08-25 00:42:07 [BROWSER] Dashboard opened in browser
2026-08-25 00:42:07 [TRAY] System tray initialized
2026-08-25 00:42:07 [READY] CATEYE Desktop ready (browser fallback)
2026-08-25 00:44:47 [BOOT] CATEYE Desktop — PID: 211789
2026-08-25 00:44:47 [BOOT] Frozen: False, Python: 3.14.4, OS: linux
2026-08-25 00:44:47 [BOOT] Backend port: 8000
2026-08-25 00:44:47 [API] Starting API server
2026-08-25 00:44:47 [FRONTEND] Frontend mounted from /home/adriel/projects/Rastro/frontend/dist (routes: 2)
2026-08-25 00:44:47 [API] Server thread started on 127.0.0.1:8000
2026-08-25 00:44:47 [API] Server listening on 127.0.0.1:8000
2026-08-25 00:44:48 [HEALTHY] Backend healthy on port 8000
2026-08-25 00:44:48 [BOOT] Session — device_id from settings: ADRI-6806b990
2026-08-25 00:44:48 [BOOT] Session — calling manager.authenticate (device=ADRI-6806b990)
2026-08-25 00:44:48 [BOOT] Session — authenticate result keys: ['token', 'refresh', 'device_id', 'user_id', 'existing']
2026-08-25 00:44:48 [BOOT] Session — token obtained: eyJkYXRhIjp7Im1ldGEi...
2026-08-25 00:44:48 [BOOT] Session — stored token check: OK
2026-08-25 00:44:48 [BOOT] Desktop session created (device=ADRI-6806b990)
2026-08-25 00:44:48 [READY] CATEYE Desktop ready (desktop window)
2026-08-25 00:44:48 [BROWSER] Opening desktop window -> http://127.0.0.1:8000/?token=eyJkYXRhIjp7Im1ldGEiOnsiZGVza3RvcCI6dHJ1ZSwiZnJvemVuIjpmYWxzZSwicG9ydCI6ODAwMH0sInN1YiI6IkFEUkktNjgwNmI5OTAifSwiZXhwIjoxNzg3NjkyODE5LCJpYXQiOjE3ODc2MDY0MTl9.1619e572a5c4686091056b2e189c28324b367db21c08807d5fd0b94dfea388aa&device_id=ADRI-6806b990
2026-08-25 00:44:48 [BROWSER] webview.create_window() starting...
2026-08-25 00:44:48 [BROWSER] Desktop window failed ('Window' object has no attribute 'closed'), falling back to browser
2026-08-25 00:44:48 [BOOT] Desktop UI unavailable, browser mode activated.
2026-08-25 00:44:49 [BROWSER] Dashboard opened in browser
2026-08-25 00:44:49 [TRAY] System tray initialized
2026-08-25 00:44:49 [READY] CATEYE Desktop ready (browser fallback)
2026-08-25 00:47:30 [BOOT] CATEYE Desktop — PID: 218524
2026-08-25 00:47:30 [BOOT] Frozen: False, Python: 3.14.4, OS: linux
2026-08-25 00:47:30 [BOOT] Backend port: 8000
2026-08-25 00:47:30 [API] Starting API server
2026-08-25 00:47:30 [FRONTEND] Frontend mounted from /home/adriel/projects/Rastro/frontend/dist (routes: 2)
2026-08-25 00:47:30 [API] Server thread started on 127.0.0.1:8000
2026-08-25 00:47:30 [API] Server listening on 127.0.0.1:8000
2026-08-25 00:47:30 [HEALTHY] Backend healthy on port 8000
2026-08-25 00:47:30 [BOOT] Session — device_id from settings: ADRI-6806b990
2026-08-25 00:47:30 [BOOT] Session — calling manager.authenticate (device=ADRI-6806b990)
2026-08-25 00:47:30 [BOOT] Session — authenticate result keys: ['token', 'refresh', 'device_id', 'user_id', 'existing']
2026-08-25 00:47:30 [BOOT] Session — token obtained: eyJkYXRhIjp7Im1ldGEi...
2026-08-25 00:47:30 [BOOT] Session — stored token check: OK
2026-08-25 00:47:30 [BOOT] Desktop session created (device=ADRI-6806b990)
2026-08-25 00:47:30 [READY] CATEYE Desktop ready (desktop window)
2026-08-25 00:47:30 [BROWSER] Opening desktop window -> http://127.0.0.1:8000/?token=eyJkYXRhIjp7Im1ldGEiOnsiZGVza3RvcCI6dHJ1ZSwiZnJvemVuIjpmYWxzZSwicG9ydCI6ODAwMH0sInN1YiI6IkFEUkktNjgwNmI5OTAifSwiZXhwIjoxNzg3NjkyODE5LCJpYXQiOjE3ODc2MDY0MTl9.1619e572a5c4686091056b2e189c28324b367db21c08807d5fd0b94dfea388aa&device_id=ADRI-6806b990
2026-08-25 00:47:30 [BROWSER] webview.create_window() starting...
2026-08-25 00:47:30 [BROWSER] Desktop window failed ('Window' object has no attribute 'closed'), falling back to browser
2026-08-25 00:47:30 [BOOT] Desktop UI unavailable, browser mode activated.
2026-08-25 00:47:31 [BROWSER] Dashboard opened in browser
2026-08-25 00:47:32 [TRAY] System tray initialized
2026-08-25 00:47:32 [READY] CATEYE Desktop ready (browser fallback)
2026-08-25 00:50:08 [BOOT] CATEYE Desktop — PID: 225970
2026-08-25 00:50:08 [BOOT] Frozen: False, Python: 3.14.4, OS: linux
2026-08-25 00:50:08 [BOOT] Backend port: 8000
2026-08-25 00:50:08 [API] Starting API server
2026-08-25 00:50:08 [FRONTEND] Frontend mounted from /home/adriel/projects/Rastro/frontend/dist (routes: 2)
2026-08-25 00:50:08 [API] Server thread started on 127.0.0.1:8000
2026-08-25 00:50:08 [API] Server listening on 127.0.0.1:8000
2026-08-25 00:50:08 [HEALTHY] Backend healthy on port 8000
2026-08-25 00:50:08 [BOOT] Session — device_id from settings: ADRI-6806b990
2026-08-25 00:50:08 [BOOT] Session — calling manager.authenticate (device=ADRI-6806b990)
2026-08-25 00:50:08 [BOOT] Session — authenticate result keys: ['token', 'refresh', 'device_id', 'user_id', 'existing']
2026-08-25 00:50:08 [BOOT] Session — token obtained: eyJkYXRhIjp7Im1ldGEi...
2026-08-25 00:50:08 [BOOT] Session — stored token check: OK
2026-08-25 00:50:08 [BOOT] Desktop session created (device=ADRI-6806b990)
2026-08-25 00:50:08 [READY] CATEYE Desktop ready (desktop window)
2026-08-25 00:50:08 [BROWSER] Opening desktop window -> http://127.0.0.1:8000/?token=eyJkYXRhIjp7Im1ldGEiOnsiZGVza3RvcCI6dHJ1ZSwiZnJvemVuIjpmYWxzZSwicG9ydCI6ODAwMH0sInN1YiI6IkFEUkktNjgwNmI5OTAifSwiZXhwIjoxNzg3NjkyODE5LCJpYXQiOjE3ODc2MDY0MTl9.1619e572a5c4686091056b2e189c28324b367db21c08807d5fd0b94dfea388aa&device_id=ADRI-6806b990
2026-08-25 00:50:08 [BROWSER] webview.create_window() starting...
2026-08-25 00:50:08 [BROWSER] Desktop window failed ('Window' object has no attribute 'closed'), falling back to browser
2026-08-25 00:50:08 [BOOT] Desktop UI unavailable, browser mode activated.
2026-08-25 00:50:10 [BROWSER] Dashboard opened in browser
2026-08-25 00:50:11 [TRAY] System tray initialized
2026-08-25 00:50:11 [READY] CATEYE Desktop ready (browser fallback)
2026-08-25 00:52:44 [BOOT] CATEYE Desktop — PID: 232890
2026-08-25 00:52:44 [BOOT] Frozen: False, Python: 3.14.4, OS: linux
2026-08-25 00:52:44 [BOOT] Backend port: 8000
2026-08-25 00:52:44 [API] Starting API server
2026-08-25 00:52:44 [FRONTEND] Frontend mounted from /home/adriel/projects/Rastro/frontend/dist (routes: 2)
2026-08-25 00:52:44 [API] Server thread started on 127.0.0.1:8000
2026-08-25 00:52:44 [API] Server listening on 127.0.0.1:8000
2026-08-25 00:52:44 [HEALTHY] Backend healthy on port 8000
2026-08-25 00:52:44 [BOOT] Session — device_id from settings: ADRI-6806b990
2026-08-25 00:52:44 [BOOT] Session — calling manager.authenticate (device=ADRI-6806b990)
2026-08-25 00:52:44 [BOOT] Session — authenticate result keys: ['token', 'refresh', 'device_id', 'user_id', 'existing']
2026-08-25 00:52:44 [BOOT] Session — token obtained: eyJkYXRhIjp7Im1ldGEi...
2026-08-25 00:52:44 [BOOT] Session — stored token check: OK
2026-08-25 00:52:44 [BOOT] Desktop session created (device=ADRI-6806b990)
2026-08-25 00:52:44 [READY] CATEYE Desktop ready (desktop window)
2026-08-25 00:52:44 [BROWSER] Opening desktop window -> http://127.0.0.1:8000/?token=eyJkYXRhIjp7Im1ldGEiOnsiZGVza3RvcCI6dHJ1ZSwiZnJvemVuIjpmYWxzZSwicG9ydCI6ODAwMH0sInN1YiI6IkFEUkktNjgwNmI5OTAifSwiZXhwIjoxNzg3NjkyODE5LCJpYXQiOjE3ODc2MDY0MTl9.1619e572a5c4686091056b2e189c28324b367db21c08807d5fd0b94dfea388aa&device_id=ADRI-6806b990
2026-08-25 00:52:44 [BROWSER] webview.create_window() starting...
2026-08-25 00:52:44 [BROWSER] Desktop window failed ('Window' object has no attribute 'closed'), falling back to browser
2026-08-25 00:52:44 [BOOT] Desktop UI unavailable, browser mode activated.
2026-08-25 00:52:46 [BROWSER] Dashboard opened in browser
2026-08-25 00:52:46 [TRAY] System tray initialized
2026-08-25 00:52:46 [READY] CATEYE Desktop ready (browser fallback)
2026-08-25 00:55:20 [BOOT] CATEYE Desktop — PID: 239852
2026-08-25 00:55:20 [BOOT] Frozen: False, Python: 3.14.4, OS: linux
2026-08-25 00:55:20 [BOOT] Backend port: 8000
2026-08-25 00:55:20 [API] Starting API server
2026-08-25 00:55:20 [FRONTEND] Frontend mounted from /home/adriel/projects/Rastro/frontend/dist (routes: 2)
2026-08-25 00:55:20 [API] Server thread started on 127.0.0.1:8000
2026-08-25 00:55:20 [API] Server listening on 127.0.0.1:8000
2026-08-25 00:55:20 [HEALTHY] Backend healthy on port 8000
2026-08-25 00:55:20 [BOOT] Session — device_id from settings: ADRI-6806b990
2026-08-25 00:55:20 [BOOT] Session — calling manager.authenticate (device=ADRI-6806b990)
2026-08-25 00:55:20 [BOOT] Session — authenticate result keys: ['token', 'refresh', 'device_id', 'user_id', 'existing']
2026-08-25 00:55:20 [BOOT] Session — token obtained: eyJkYXRhIjp7Im1ldGEi...
2026-08-25 00:55:20 [BOOT] Session — stored token check: OK
2026-08-25 00:55:20 [BOOT] Desktop session created (device=ADRI-6806b990)
2026-08-25 00:55:20 [READY] CATEYE Desktop ready (desktop window)
2026-08-25 00:55:20 [BROWSER] Opening desktop window -> http://127.0.0.1:8000/?token=eyJkYXRhIjp7Im1ldGEiOnsiZGVza3RvcCI6dHJ1ZSwiZnJvemVuIjpmYWxzZSwicG9ydCI6ODAwMH0sInN1YiI6IkFEUkktNjgwNmI5OTAifSwiZXhwIjoxNzg3NjkyODE5LCJpYXQiOjE3ODc2MDY0MTl9.1619e572a5c4686091056b2e189c28324b367db21c08807d5fd0b94dfea388aa&device_id=ADRI-6806b990
2026-08-25 00:55:20 [BROWSER] webview.create_window() starting...
2026-08-25 00:55:20 [BROWSER] Desktop window failed ('Window' object has no attribute 'closed'), falling back to browser
2026-08-25 00:55:20 [BOOT] Desktop UI unavailable, browser mode activated.
2026-08-25 00:55:22 [BROWSER] Dashboard opened in browser
2026-08-25 00:55:22 [TRAY] System tray initialized
2026-08-25 00:55:22 [READY] CATEYE Desktop ready (browser fallback)
2026-08-25 00:58:12 [BOOT] CATEYE Desktop — PID: 247233
2026-08-25 00:58:12 [BOOT] Frozen: False, Python: 3.14.4, OS: linux
2026-08-25 00:58:12 [BOOT] Backend port: 8000
2026-08-25 00:58:12 [API] Starting API server
2026-08-25 00:58:12 [FRONTEND] Frontend mounted from /home/adriel/projects/Rastro/frontend/dist (routes: 2)
2026-08-25 00:58:12 [API] Server thread started on 127.0.0.1:8000
2026-08-25 00:58:12 [API] Server listening on 127.0.0.1:8000
2026-08-25 00:58:12 [HEALTHY] Backend healthy on port 8000
2026-08-25 00:58:12 [BOOT] Session — device_id from settings: ADRI-6806b990
2026-08-25 00:58:12 [BOOT] Session — calling manager.authenticate (device=ADRI-6806b990)
2026-08-25 00:58:12 [BOOT] Session — authenticate result keys: ['token', 'refresh', 'device_id', 'user_id', 'existing']
2026-08-25 00:58:12 [BOOT] Session — token obtained: eyJkYXRhIjp7Im1ldGEi...
2026-08-25 00:58:12 [BOOT] Session — stored token check: OK
2026-08-25 00:58:12 [BOOT] Desktop session created (device=ADRI-6806b990)
2026-08-25 00:58:12 [READY] CATEYE Desktop ready (desktop window)
2026-08-25 00:58:12 [BROWSER] Opening desktop window -> http://127.0.0.1:8000/?token=eyJkYXRhIjp7Im1ldGEiOnsiZGVza3RvcCI6dHJ1ZSwiZnJvemVuIjpmYWxzZSwicG9ydCI6ODAwMH0sInN1YiI6IkFEUkktNjgwNmI5OTAifSwiZXhwIjoxNzg3NjkyODE5LCJpYXQiOjE3ODc2MDY0MTl9.1619e572a5c4686091056b2e189c28324b367db21c08807d5fd0b94dfea388aa&device_id=ADRI-6806b990
2026-08-25 00:58:12 [BROWSER] webview.create_window() starting...
2026-08-25 00:58:12 [BROWSER] Desktop window failed ('Window' object has no attribute 'closed'), falling back to browser
2026-08-25 00:58:12 [BOOT] Desktop UI unavailable, browser mode activated.
2026-08-25 00:58:14 [BROWSER] Dashboard opened in browser
2026-08-25 00:58:14 [TRAY] System tray initialized
2026-08-25 00:58:14 [READY] CATEYE Desktop ready (browser fallback)
2026-08-25 01:00:58 [BOOT] CATEYE Desktop — PID: 254010
2026-08-25 01:00:58 [BOOT] Frozen: False, Python: 3.14.4, OS: linux
2026-08-25 01:00:58 [BOOT] Backend port: 8000
2026-08-25 01:00:58 [API] Starting API server
2026-08-25 01:00:58 [FRONTEND] Frontend mounted from /home/adriel/projects/Rastro/frontend/dist (routes: 2)
2026-08-25 01:00:58 [API] Server thread started on 127.0.0.1:8000
2026-08-25 01:00:58 [API] Server listening on 127.0.0.1:8000
2026-08-25 01:00:58 [HEALTHY] Backend healthy on port 8000
2026-08-25 01:00:58 [BOOT] Session — device_id from settings: ADRI-6806b990
2026-08-25 01:00:58 [BOOT] Session — calling manager.authenticate (device=ADRI-6806b990)
2026-08-25 01:00:58 [BOOT] Session — authenticate result keys: ['token', 'refresh', 'device_id', 'user_id', 'existing']
2026-08-25 01:00:58 [BOOT] Session — token obtained: eyJkYXRhIjp7Im1ldGEi...
2026-08-25 01:00:58 [BOOT] Session — stored token check: OK
2026-08-25 01:00:58 [BOOT] Desktop session created (device=ADRI-6806b990)
2026-08-25 01:00:58 [READY] CATEYE Desktop ready (desktop window)
2026-08-25 01:00:58 [BROWSER] Opening desktop window -> http://127.0.0.1:8000/?token=eyJkYXRhIjp7Im1ldGEiOnsiZGVza3RvcCI6dHJ1ZSwiZnJvemVuIjpmYWxzZSwicG9ydCI6ODAwMH0sInN1YiI6IkFEUkktNjgwNmI5OTAifSwiZXhwIjoxNzg3NjkyODE5LCJpYXQiOjE3ODc2MDY0MTl9.1619e572a5c4686091056b2e189c28324b367db21c08807d5fd0b94dfea388aa&device_id=ADRI-6806b990
2026-08-25 01:00:58 [BROWSER] webview.create_window() starting...
2026-08-25 01:00:58 [BROWSER] Desktop window failed ('Window' object has no attribute 'closed'), falling back to browser
2026-08-25 01:00:58 [BOOT] Desktop UI unavailable, browser mode activated.
2026-08-25 01:00:59 [BROWSER] Dashboard opened in browser
2026-08-25 01:01:00 [TRAY] System tray initialized
2026-08-25 01:01:00 [READY] CATEYE Desktop ready (browser fallback)
2026-08-25 01:03:36 [BOOT] CATEYE Desktop — PID: 260781
2026-08-25 01:03:36 [BOOT] Frozen: False, Python: 3.14.4, OS: linux
2026-08-25 01:03:36 [BOOT] Backend port: 8000
2026-08-25 01:03:36 [API] Starting API server
2026-08-25 01:03:36 [FRONTEND] Frontend mounted from /home/adriel/projects/Rastro/frontend/dist (routes: 2)
2026-08-25 01:03:36 [API] Server thread started on 127.0.0.1:8000
2026-08-25 01:03:36 [API] Server listening on 127.0.0.1:8000
2026-08-25 01:03:36 [HEALTHY] Backend healthy on port 8000
2026-08-25 01:03:36 [BOOT] Session — device_id from settings: ADRI-6806b990
2026-08-25 01:03:36 [BOOT] Session — calling manager.authenticate (device=ADRI-6806b990)
2026-08-25 01:03:36 [BOOT] Session — authenticate result keys: ['token', 'refresh', 'device_id', 'user_id', 'existing']
2026-08-25 01:03:36 [BOOT] Session — token obtained: eyJkYXRhIjp7Im1ldGEi...
2026-08-25 01:03:36 [BOOT] Session — stored token check: OK
2026-08-25 01:03:36 [BOOT] Desktop session created (device=ADRI-6806b990)
2026-08-25 01:03:36 [READY] CATEYE Desktop ready (desktop window)
2026-08-25 01:03:36 [BROWSER] Opening desktop window -> http://127.0.0.1:8000/?token=eyJkYXRhIjp7Im1ldGEiOnsiZGVza3RvcCI6dHJ1ZSwiZnJvemVuIjpmYWxzZSwicG9ydCI6ODAwMH0sInN1YiI6IkFEUkktNjgwNmI5OTAifSwiZXhwIjoxNzg3NjkyODE5LCJpYXQiOjE3ODc2MDY0MTl9.1619e572a5c4686091056b2e189c28324b367db21c08807d5fd0b94dfea388aa&device_id=ADRI-6806b990
2026-08-25 01:03:36 [BROWSER] webview.create_window() starting...
2026-08-25 01:03:36 [BROWSER] Desktop window failed ('Window' object has no attribute 'closed'), falling back to browser
2026-08-25 01:03:36 [BOOT] Desktop UI unavailable, browser mode activated.
2026-08-25 01:03:37 [BROWSER] Dashboard opened in browser
2026-08-25 01:03:38 [TRAY] System tray initialized
2026-08-25 01:03:38 [READY] CATEYE Desktop ready (browser fallback)
                                                                                                                                                                                                                                                                                                                                                                                                                                                                                                                                                                                                                                                                                                                                                                                                                                                                                                                                                                                                                                                                                                                                                                                                                                                                                                                                                                       2026-08-25 01:42:55 [BOOT] CATEYE Desktop — PID: 64881
2026-08-25 01:42:55 [BOOT] Frozen: False, Python: 3.14.4, OS: linux
2026-08-25 01:42:55 [BOOT] Backend port: 8000
2026-08-25 01:42:55 [API] Starting API server
2026-08-25 01:42:55 [FRONTEND] Frontend mounted from /home/adriel/projects/Rastro/frontend/dist (routes: 2)
2026-08-25 01:42:55 [API] Server thread started on 127.0.0.1:8000
2026-08-25 01:42:57 [API] Server listening on 127.0.0.1:8000
2026-08-25 01:42:59 [HEALTHY] Backend healthy on port 8000
2026-08-25 01:42:59 [BOOT] Session — device_id from settings: ADRI-6806b990
2026-08-25 01:42:59 [BOOT] Session — calling manager.authenticate (device=ADRI-6806b990)
2026-08-25 01:42:59 [BOOT] Session — authenticate result keys: ['token', 'refresh', 'device_id', 'user_id', 'existing']
2026-08-25 01:42:59 [BOOT] Session — token obtained: eyJkYXRhIjp7Im1ldGEi...
2026-08-25 01:42:59 [BOOT] Session — stored token check: OK
2026-08-25 01:42:59 [BOOT] Desktop session created (device=ADRI-6806b990)
2026-08-25 01:42:59 [READY] CATEYE Desktop ready (desktop window)
2026-08-25 01:42:59 [BROWSER] Opening desktop window -> http://127.0.0.1:8000/?token=eyJkYXRhIjp7Im1ldGEiOnsiZGVza3RvcCI6dHJ1ZSwiZnJvemVuIjpmYWxzZSwicG9ydCI6ODAwMH0sInN1YiI6IkFEUkktNjgwNmI5OTAifSwiZXhwIjoxNzg3NjkyODE5LCJpYXQiOjE3ODc2MDY0MTl9.1619e572a5c4686091056b2e189c28324b367db21c08807d5fd0b94dfea388aa&device_id=ADRI-6806b990
2026-08-25 01:42:59 [BROWSER] webview.create_window() starting...
2026-08-25 01:42:59 [BROWSER] Desktop window failed ('Window' object has no attribute 'closed'), falling back to browser
2026-08-25 01:42:59 [BOOT] Desktop UI unavailable, browser mode activated.
2026-08-25 01:43:00 [BROWSER] Dashboard opened in browser
2026-08-25 01:43:00 [TRAY] System tray initialized
2026-08-25 01:43:00 [READY] CATEYE Desktop ready (browser fallback)
2026-08-25 01:56:12 [BOOT] CATEYE Desktop — PID: 94510
2026-08-25 01:56:12 [BOOT] Frozen: False, Python: 3.14.4, OS: linux
2026-08-25 01:56:12 [BOOT] Backend port: 8000
2026-08-25 01:56:12 [API] Starting API server
2026-08-25 01:56:12 [FRONTEND] Frontend mounted from /home/adriel/projects/Rastro/frontend/dist (routes: 2)
2026-08-25 01:56:12 [API] Server thread started on 127.0.0.1:8000
2026-08-25 01:56:12 [API] Server listening on 127.0.0.1:8000
2026-08-25 01:56:13 [HEALTHY] Backend healthy on port 8000
2026-08-25 01:56:13 [BOOT] Session — device_id from settings: ADRI-6806b990
2026-08-25 01:56:13 [BOOT] Session — calling manager.authenticate (device=ADRI-6806b990)
2026-08-25 01:56:13 [BOOT] Session — authenticate result keys: ['token', 'refresh', 'device_id', 'user_id', 'existing']
2026-08-25 01:56:13 [BOOT] Session — token obtained: eyJkYXRhIjp7Im1ldGEi...
2026-08-25 01:56:13 [BOOT] Session — stored token check: OK
2026-08-25 01:56:13 [BOOT] Desktop session created (device=ADRI-6806b990)
2026-08-25 01:56:13 [READY] CATEYE Desktop ready (desktop window)
2026-08-25 01:56:13 [BROWSER] Opening desktop window -> http://127.0.0.1:8000/?token=eyJkYXRhIjp7Im1ldGEiOnsiZGVza3RvcCI6dHJ1ZSwiZnJvemVuIjpmYWxzZSwicG9ydCI6ODAwMH0sInN1YiI6IkFEUkktNjgwNmI5OTAifSwiZXhwIjoxNzg3NjkyODE5LCJpYXQiOjE3ODc2MDY0MTl9.1619e572a5c4686091056b2e189c28324b367db21c08807d5fd0b94dfea388aa&device_id=ADRI-6806b990
2026-08-25 01:56:13 [BROWSER] webview.create_window() starting...
2026-08-25 01:56:13 [BROWSER] Desktop window failed ('Window' object has no attribute 'closed'), falling back to browser
2026-08-25 01:56:13 [BOOT] Desktop UI unavailable, browser mode activated.
2026-08-25 01:56:15 [BROWSER] Dashboard opened in browser
2026-08-25 01:56:15 [TRAY] System tray initialized
2026-08-25 01:56:15 [READY] CATEYE Desktop ready (browser fallback)
2026-08-25 01:58:39 [BOOT] CATEYE Desktop — PID: 97892
2026-08-25 01:58:39 [BOOT] Frozen: False, Python: 3.14.4, OS: linux
2026-08-25 01:58:39 [BOOT] Backend port: 8000
2026-08-25 01:58:39 [API] Starting API server
2026-08-25 01:58:39 [FRONTEND] Frontend mounted from /home/adriel/projects/Rastro/frontend/dist (routes: 2)
2026-08-25 01:58:39 [API] Server thread started on 127.0.0.1:8000
2026-08-25 01:58:39 [API] Server listening on 127.0.0.1:8000
2026-08-25 01:58:40 [HEALTHY] Backend healthy on port 8000
2026-08-25 01:58:40 [BOOT] Session — device_id from settings: ADRI-6806b990
2026-08-25 01:58:40 [BOOT] Session — calling manager.authenticate (device=ADRI-6806b990)
2026-08-25 01:58:40 [BOOT] Session — authenticate result keys: ['token', 'refresh', 'device_id', 'user_id', 'existing']
2026-08-25 01:58:40 [BOOT] Session — token obtained: eyJkYXRhIjp7Im1ldGEi...
2026-08-25 01:58:40 [BOOT] Session — stored token check: OK
2026-08-25 01:58:40 [BOOT] Desktop session created (device=ADRI-6806b990)
2026-08-25 01:58:40 [READY] CATEYE Desktop ready (desktop window)
2026-08-25 01:58:40 [BROWSER] Opening desktop window -> http://127.0.0.1:8000/?token=eyJkYXRhIjp7Im1ldGEiOnsiZGVza3RvcCI6dHJ1ZSwiZnJvemVuIjpmYWxzZSwicG9ydCI6ODAwMH0sInN1YiI6IkFEUkktNjgwNmI5OTAifSwiZXhwIjoxNzg3NjkyODE5LCJpYXQiOjE3ODc2MDY0MTl9.1619e572a5c4686091056b2e189c28324b367db21c08807d5fd0b94dfea388aa&device_id=ADRI-6806b990
2026-08-25 01:58:40 [BROWSER] webview.create_window() starting...
2026-08-25 01:58:40 [BROWSER] Desktop window failed ('Window' object has no attribute 'closed'), falling back to browser
2026-08-25 01:58:40 [BOOT] Desktop UI unavailable, browser mode activated.
2026-08-25 01:58:41 [BROWSER] Dashboard opened in browser
2026-08-25 01:58:41 [TRAY] System tray initialized
2026-08-25 01:58:41 [READY] CATEYE Desktop ready (browser fallback)
